..\..\Common\Src\LCD_VT100.c:197:13:InitFIFOs	0	static
..\..\Common\Src\LCD_VT100.c:204:12:WriteSFIFO	0	static
..\..\Common\Src\LCD_VT100.c:215:12:ReadSFIFO	0	static
..\..\Common\Src\LCD_VT100.c:226:12:WriteRFIFO	0	static
..\..\Common\Src\LCD_VT100.c:237:12:ReadRFIFO	0	static
..\..\Common\Src\LCD_VT100.c:250:16:TxComplete	0	static
..\..\Common\Src\LCD_VT100.c:968:14:_utoab	4	static
..\..\Common\Src\LCD_VT100.c:985:14:_ultoab	4	static
..\..\Common\Src\LCD_VT100.c:1003:14:_utoan	4	static
..\..\Common\Src\LCD_VT100.c:1018:14:_ultoan	4	static
..\..\Common\Src\LCD_VT100.c:1034:14:_utoanb	8	static
..\..\Common\Src\LCD_VT100.c:1050:14:_ultoanb	8	static
..\..\Common\Src\LCD_VT100.c:1067:14:_ufractoa	24	static
..\..\Common\Src\LCD_VT100.c:1090:14:_ulfractoa	24	static
..\..\Common\Src\LCD_VT100.c:1114:14:_itoa	0	static
..\..\Common\Src\LCD_VT100.c:1141:14:_ltoa	0	static
..\..\Common\Src\LCD_VT100.c:1169:14:_itoan	4	static
..\..\Common\Src\LCD_VT100.c:1199:14:_ltoan	4	static
..\..\Common\Src\LCD_VT100.c:1229:14:_ifractoa	24	static
..\..\Common\Src\LCD_VT100.c:1261:14:_lfractoa	24	static
..\..\Common\Src\LCD_VT100.c:1294:12:_atois	4	static
..\..\Common\Src\LCD_VT100.c:1562:13:_itoaE	8	static
..\..\Common\Src\LCD_VT100.c:271:13:TransmitIt	8	static
..\..\Common\Src\LCD_VT100.c:330:13:lcd_emiss	16	static
..\..\Common\Src\LCD_VT100.c:368:13:_direct_lcdputs	8	static
..\..\Common\Src\LCD_VT100.c:1832:13:TwoParam	104	static
..\..\Common\Src\LCD_VT100.c:818:13:_lcdgotoxy	16	static
..\..\Common\Src\LCD_VT100.c:377:13:InitCG	88	static
..\..\Common\Src\LCD_VT100.c:484:13:lcdputc_lcd	8	static
..\..\Common\Src\LCD_VT100.c:611:13:lcdputc_vt	8	static
..\..\Common\Src\LCD_VT100.c:735:13:_lcdputc	8	static
..\..\Common\Src\LCD_VT100.c:857:13:_lcdputs	8	static
..\..\Common\Src\LCD_VT100.c:1307:13:_afff	40	static
..\..\Common\Src\LCD_VT100.c:64:6:WaitIfRunning	8	static
..\..\Common\Src\LCD_VT100.c:75:6:lcdTaskAllow	0	static
..\..\Common\Src\LCD_VT100.c:115:6:VTCtrl	8	static
..\..\Common\Src\LCD_VT100.c:124:6:VTExtended	8	static
..\..\Common\Src\LCD_VT100.c:133:10:lcdgetx	0	static
..\..\Common\Src\LCD_VT100.c:139:10:lcdgety	0	static
..\..\Common\Src\LCD_VT100.c:152:5:lcdpushxy	16	static
..\..\Common\Src\LCD_VT100.c:168:5:lcdpopxy	8	static
..\..\Common\Src\LCD_VT100.c:256:6:HuartAff_ErrorCallback	0	static
..\..\Common\Src\LCD_VT100.c:262:6:HuartAff_RxCpltCallback	8	static
..\..\Common\Src\LCD_VT100.c:276:6:HuartAff_TxCpltCallback	8	static
..\..\Common\Src\LCD_VT100.c:288:9:GetChar	16	static
..\..\Common\Src\LCD_VT100.c:2120:14:ReadRep	24	static
..\..\Common\Src\LCD_VT100.c:301:9:GetCharTimeOut	16	static
..\..\Common\Src\LCD_VT100.c:323:6:lcdFout	8	static
..\..\Common\Src\LCD_VT100.c:781:6:lcdputc	8	static
..\..\Common\Src\LCD_VT100.c:795:6:lcdtextcolor	16	static
..\..\Common\Src\LCD_VT100.c:845:6:lcdgotoxy	16	static
..\..\Common\Src\LCD_VT100.c:863:6:lcdputs	8	static
..\..\Common\Src\LCD_VT100.c:876:6:lcdclrscr	8	static
..\..\Common\Src\LCD_VT100.c:448:6:lcdinit	8	static
..\..\Common\Src\LCD_VT100.c:897:6:lcdclreol	8	static
..\..\Common\Src\LCD_VT100.c:909:6:lcdhome	8	static
..\..\Common\Src\LCD_VT100.c:930:6:lcdcursor	8	static
..\..\Common\Src\LCD_VT100.c:1367:6:lcdprintf	24	static
..\..\Common\Src\LCD_VT100.c:1577:6:lcdTextColor565	104	static
..\..\Common\Src\LCD_VT100.c:1599:6:lcdTextColor	8	static
..\..\Common\Src\LCD_VT100.c:1612:6:lcdBackColor565	104	static
..\..\Common\Src\LCD_VT100.c:1633:6:lcdBackColor	8	static
..\..\Common\Src\LCD_VT100.c:1646:6:lcdSetFont	88	static
..\..\Common\Src\LCD_VT100.c:1669:6:lcdSetFontN	104	static
..\..\Common\Src\LCD_VT100.c:1699:6:lcdDefTouch	128	static
..\..\Common\Src\LCD_VT100.c:1739:6:lcdUndefTouch	120	static
..\..\Common\Src\LCD_VT100.c:1760:6:lcdSetSpc	120	static
..\..\Common\Src\LCD_VT100.c:1781:6:lcdSetIncrust	112	static
..\..\Common\Src\LCD_VT100.c:1804:6:lcdDefTextArea	120	static
..\..\Common\Src\LCD_VT100.c:1851:6:lcdGotoXYa	104	static
..\..\Common\Src\LCD_VT100.c:1874:6:lcdRectFull	136	static
..\..\Common\Src\LCD_VT100.c:1903:6:lcdRect	136	static
..\..\Common\Src\LCD_VT100.c:1933:6:lcdSetScroll	104	static
..\..\Common\Src\LCD_VT100.c:1955:6:lcdSetOutWind	104	static
..\..\Common\Src\LCD_VT100.c:1977:6:lcdPushTxtPos	8	static
..\..\Common\Src\LCD_VT100.c:1991:6:lcdPopTxtPos	8	static
..\..\Common\Src\LCD_VT100.c:2005:6:lcdClearAll	8	static
..\..\Common\Src\LCD_VT100.c:2021:6:lcdMoveTo	8	static
..\..\Common\Src\LCD_VT100.c:2027:6:lcdLineTo	8	static
..\..\Common\Src\LCD_VT100.c:2033:6:lcdPutPixel	8	static
..\..\Common\Src\LCD_VT100.c:2038:6:lcdCircle	96	static
..\..\Common\Src\LCD_VT100.c:2053:6:lcdCircleXY	128	static
..\..\Common\Src\LCD_VT100.c:2074:6:lcdPutPixelC	104	static
..\..\Common\Src\LCD_VT100.c:2095:6:lcdAffLGif	144	static
..\..\Common\Src\LCD_VT100.c:2186:9:lcdGetTextWidth	88	static
..\..\Common\Src\LCD_VT100.c:2217:9:lcdGetNbFont	32	static
..\..\Common\Src\LCD_VT100.c:2246:9:lcdGetPixelWidth	32	static
..\..\Common\Src\LCD_VT100.c:2274:9:lcdGetPixelHeight	32	static
..\..\Common\Src\LCD_VT100.c:2303:9:lcdGetPoliceHeight	32	static
..\..\Common\Src\LCD_VT100.c:2332:9:lcdGetAbsX	32	static
..\..\Common\Src\LCD_VT100.c:2362:9:lcdGetX	32	static
..\..\Common\Src\LCD_VT100.c:2392:9:lcdGetAbsY	32	static
..\..\Common\Src\LCD_VT100.c:2422:9:lcdGetY	32	static
..\..\Common\Src\LCD_VT100.c:2451:9:lcdGetSpc	32	static
..\..\Common\Src\LCD_VT100.c:2480:7:lcdGetK	8	static
