Archive member included to satisfy reference by file (symbol)

C:/ST/STM32CubeIDE_1.14.1/STM32CubeIDE/plugins/com.st.stm32cube.ide.mcu.externaltools.gnu-tools-for-stm32.11.3.rel1.win32_1.1.100.202309141235/tools/bin/../lib/gcc/arm-none-eabi/11.3.1/../../../../arm-none-eabi/lib/thumb/v7e-m+fp/hard\libc_nano.a(libc_a-atoi.o)
                              Common\Src\LCD_VT100.o (atoi)
C:/ST/STM32CubeIDE_1.14.1/STM32CubeIDE/plugins/com.st.stm32cube.ide.mcu.externaltools.gnu-tools-for-stm32.11.3.rel1.win32_1.1.100.202309141235/tools/bin/../lib/gcc/arm-none-eabi/11.3.1/../../../../arm-none-eabi/lib/thumb/v7e-m+fp/hard\libc_nano.a(libc_a-exit.o)
                              C:/ST/STM32CubeIDE_1.14.1/STM32CubeIDE/plugins/com.st.stm32cube.ide.mcu.externaltools.gnu-tools-for-stm32.11.3.rel1.win32_1.1.100.202309141235/tools/bin/../lib/gcc/arm-none-eabi/11.3.1/../../../../arm-none-eabi/lib/thumb/v7e-m+fp/hard/crt0.o (exit)
C:/ST/STM32CubeIDE_1.14.1/STM32CubeIDE/plugins/com.st.stm32cube.ide.mcu.externaltools.gnu-tools-for-stm32.11.3.rel1.win32_1.1.100.202309141235/tools/bin/../lib/gcc/arm-none-eabi/11.3.1/../../../../arm-none-eabi/lib/thumb/v7e-m+fp/hard\libc_nano.a(libc_a-malloc.o)
                              Core\ThreadSafe\newlib_lock_glue.o (malloc)
C:/ST/STM32CubeIDE_1.14.1/STM32CubeIDE/plugins/com.st.stm32cube.ide.mcu.externaltools.gnu-tools-for-stm32.11.3.rel1.win32_1.1.100.202309141235/tools/bin/../lib/gcc/arm-none-eabi/11.3.1/../../../../arm-none-eabi/lib/thumb/v7e-m+fp/hard\libc_nano.a(libc_a-mallocr.o)
                              C:/ST/STM32CubeIDE_1.14.1/STM32CubeIDE/plugins/com.st.stm32cube.ide.mcu.externaltools.gnu-tools-for-stm32.11.3.rel1.win32_1.1.100.202309141235/tools/bin/../lib/gcc/arm-none-eabi/11.3.1/../../../../arm-none-eabi/lib/thumb/v7e-m+fp/hard\libc_nano.a(libc_a-malloc.o) (_malloc_r)
C:/ST/STM32CubeIDE_1.14.1/STM32CubeIDE/plugins/com.st.stm32cube.ide.mcu.externaltools.gnu-tools-for-stm32.11.3.rel1.win32_1.1.100.202309141235/tools/bin/../lib/gcc/arm-none-eabi/11.3.1/../../../../arm-none-eabi/lib/thumb/v7e-m+fp/hard\libc_nano.a(libc_a-mlock.o)
                              C:/ST/STM32CubeIDE_1.14.1/STM32CubeIDE/plugins/com.st.stm32cube.ide.mcu.externaltools.gnu-tools-for-stm32.11.3.rel1.win32_1.1.100.202309141235/tools/bin/../lib/gcc/arm-none-eabi/11.3.1/../../../../arm-none-eabi/lib/thumb/v7e-m+fp/hard\libc_nano.a(libc_a-mallocr.o) (__malloc_lock)
C:/ST/STM32CubeIDE_1.14.1/STM32CubeIDE/plugins/com.st.stm32cube.ide.mcu.externaltools.gnu-tools-for-stm32.11.3.rel1.win32_1.1.100.202309141235/tools/bin/../lib/gcc/arm-none-eabi/11.3.1/../../../../arm-none-eabi/lib/thumb/v7e-m+fp/hard\libc_nano.a(libc_a-strtol.o)
                              C:/ST/STM32CubeIDE_1.14.1/STM32CubeIDE/plugins/com.st.stm32cube.ide.mcu.externaltools.gnu-tools-for-stm32.11.3.rel1.win32_1.1.100.202309141235/tools/bin/../lib/gcc/arm-none-eabi/11.3.1/../../../../arm-none-eabi/lib/thumb/v7e-m+fp/hard\libc_nano.a(libc_a-atoi.o) (_strtol_r)
C:/ST/STM32CubeIDE_1.14.1/STM32CubeIDE/plugins/com.st.stm32cube.ide.mcu.externaltools.gnu-tools-for-stm32.11.3.rel1.win32_1.1.100.202309141235/tools/bin/../lib/gcc/arm-none-eabi/11.3.1/../../../../arm-none-eabi/lib/thumb/v7e-m+fp/hard\libc_nano.a(libc_a-ctype_.o)
                              Common\Src\LCD_VT100.o (_ctype_)
C:/ST/STM32CubeIDE_1.14.1/STM32CubeIDE/plugins/com.st.stm32cube.ide.mcu.externaltools.gnu-tools-for-stm32.11.3.rel1.win32_1.1.100.202309141235/tools/bin/../lib/gcc/arm-none-eabi/11.3.1/../../../../arm-none-eabi/lib/thumb/v7e-m+fp/hard\libc_nano.a(libc_a-findfp.o)
                              Middlewares\Third_Party\FreeRTOS\Source\tasks.o (__sf)
C:/ST/STM32CubeIDE_1.14.1/STM32CubeIDE/plugins/com.st.stm32cube.ide.mcu.externaltools.gnu-tools-for-stm32.11.3.rel1.win32_1.1.100.202309141235/tools/bin/../lib/gcc/arm-none-eabi/11.3.1/../../../../arm-none-eabi/lib/thumb/v7e-m+fp/hard\libc_nano.a(libc_a-fwalk.o)
                              C:/ST/STM32CubeIDE_1.14.1/STM32CubeIDE/plugins/com.st.stm32cube.ide.mcu.externaltools.gnu-tools-for-stm32.11.3.rel1.win32_1.1.100.202309141235/tools/bin/../lib/gcc/arm-none-eabi/11.3.1/../../../../arm-none-eabi/lib/thumb/v7e-m+fp/hard\libc_nano.a(libc_a-findfp.o) (_fwalk_sglue)
C:/ST/STM32CubeIDE_1.14.1/STM32CubeIDE/plugins/com.st.stm32cube.ide.mcu.externaltools.gnu-tools-for-stm32.11.3.rel1.win32_1.1.100.202309141235/tools/bin/../lib/gcc/arm-none-eabi/11.3.1/../../../../arm-none-eabi/lib/thumb/v7e-m+fp/hard\libc_nano.a(libc_a-sprintf.o)
                              Common\Src\LCD_VT100.o (sprintf)
C:/ST/STM32CubeIDE_1.14.1/STM32CubeIDE/plugins/com.st.stm32cube.ide.mcu.externaltools.gnu-tools-for-stm32.11.3.rel1.win32_1.1.100.202309141235/tools/bin/../lib/gcc/arm-none-eabi/11.3.1/../../../../arm-none-eabi/lib/thumb/v7e-m+fp/hard\libc_nano.a(libc_a-stdio.o)
[...]
Memory Configuration

Name             Origin             Length             Attributes
FLASH            0x0000000008100000 0x0000000000100000 xr
RAM              0x0000000010000000 0x0000000000020000 xrw
*default*        0x0000000000000000 0xffffffffffffffff

Linker script and memory map

LOAD C:/ST/STM32CubeIDE_1.14.1/STM32CubeIDE/plugins/com.st.stm32cube.ide.mcu.externaltools.gnu-tools-for-stm32.11.3.rel1.win32_1.1.100.202309141235/tools/bin/../lib/gcc/arm-none-eabi/11.3.1/thumb/v7e-m+fp/hard/crti.o
LOAD C:/ST/STM32CubeIDE_1.14.1/STM32CubeIDE/plugins/com.st.stm32cube.ide.mcu.externaltools.gnu-tools-for-stm32.11.3.rel1.win32_1.1.100.202309141235/tools/bin/../lib/gcc/arm-none-eabi/11.3.1/thumb/v7e-m+fp/hard/crtbegin.o
LOAD C:/ST/STM32CubeIDE_1.14.1/STM32CubeIDE/plugins/com.st.stm32cube.ide.mcu.externaltools.gnu-tools-for-stm32.11.3.rel1.win32_1.1.100.202309141235/tools/bin/../lib/gcc/arm-none-eabi/11.3.1/../../../../arm-none-eabi/lib/thumb/v7e-m+fp/hard/crt0.o
LOAD Common\Src\LCD_VT100.o
LOAD Common\Src\SharedMemory.o
LOAD Common\Src\system_stm32h7xx_dualcore_boot_cm4_cm7.o
LOAD Core\Src\MySrc\DetectObst.o
LOAD Core\Src\MySrc\Lidar.o
LOAD Core\Src\MySrc\TempsMs.o
LOAD Core\Src\dma.o
LOAD Core\Src\freertos.o
LOAD Core\Src\gpio.o
LOAD Core\Src\main.o
LOAD Core\Src\stm32h7xx_hal_msp.o
LOAD Core\Src\stm32h7xx_hal_timebase_tim.o
LOAD Core\Src\stm32h7xx_it.o
LOAD Core\Src\syscalls.o
LOAD Core\Src\sysmem.o
LOAD Core\Src\tim.o
LOAD Core\Src\usart.o
LOAD Core\Startup\startup_stm32h745zitx.o
LOAD Core\ThreadSafe\newlib_lock_glue.o
LOAD Drivers\STM32H7xx_HAL_Driver\Src\stm32h7xx_hal.o
LOAD Drivers\STM32H7xx_HAL_Driver\Src\stm32h7xx_hal_adc.o
LOAD Drivers\STM32H7xx_HAL_Driver\Src\stm32h7xx_hal_adc_ex.o
LOAD Drivers\STM32H7xx_HAL_Driver\Src\stm32h7xx_hal_cortex.o
LOAD Drivers\STM32H7xx_HAL_Driver\Src\stm32h7xx_hal_dma.o
LOAD Drivers\STM32H7xx_HAL_Driver\Src\stm32h7xx_hal_dma_ex.o
LOAD Drivers\STM32H7xx_HAL_Driver\Src\stm32h7xx_hal_exti.o
LOAD Drivers\STM32H7xx_HAL_Driver\Src\stm32h7xx_hal_flash.o
LOAD Drivers\STM32H7xx_HAL_Driver\Src\stm32h7xx_hal_flash_ex.o
LOAD Drivers\STM32H7xx_HAL_Driver\Src\stm32h7xx_hal_gpio.o
LOAD Drivers\STM32H7xx_HAL_Driver\Src\stm32h7xx_hal_hsem.o
LOAD Drivers\STM32H7xx_HAL_Driver\Src\stm32h7xx_hal_i2c.o
LOAD Drivers\STM32H7xx_HAL_Driver\Src\stm32h7xx_hal_i2c_ex.o
LOAD Drivers\STM32H7xx_HAL_Driver\Src\stm32h7xx_hal_mdma.o
LOAD Drivers\STM32H7xx_HAL_Driver\Src\stm32h7xx_hal_pwr.o
LOAD Drivers\STM32H7xx_HAL_Driver\Src\stm32h7xx_hal_pwr_ex.o
LOAD Drivers\STM32H7xx_HAL_Driver\Src\stm32h7xx_hal_rcc.o
LOAD Drivers\STM32H7xx_HAL_Driver\Src\stm32h7xx_hal_rcc_ex.o
LOAD Drivers\STM32H7xx_HAL_Driver\Src\stm32h7xx_hal_tim.o
LOAD Drivers\STM32H7xx_HAL_Driver\Src\stm32h7xx_hal_tim_ex.o
LOAD Drivers\STM32H7xx_HAL_Driver\Src\stm32h7xx_hal_uart.o
LOAD Drivers\STM32H7xx_HAL_Driver\Src\stm32h7xx_hal_uart_ex.o
LOAD Middlewares\Third_Party\FreeRTOS\Source\CMSIS_RTOS\cmsis_os.o
LOAD Middlewares\Third_Party\FreeRTOS\Source\croutine.o
LOAD Middlewares\Third_Party\FreeRTOS\Source\event_groups.o
LOAD Middlewares\Third_Party\FreeRTOS\Source\list.o
LOAD Middlewares\Third_Party\FreeRTOS\Source\portable\GCC\ARM_CM4F\port.o
LOAD Middlewares\Third_Party\FreeRTOS\Source\queue.o
LOAD Middlewares\Third_Party\FreeRTOS\Source\stream_buffer.o
LOAD Middlewares\Third_Party\FreeRTOS\Source\tasks.o
LOAD Middlewares\Third_Party\FreeRTOS\Source\timers.o
START GROUP
LOAD C:/ST/STM32CubeIDE_1.14.1/STM32CubeIDE/plugins/com.st.stm32cube.ide.mcu.externaltools.gnu-tools-for-stm32.11.3.rel1.win32_1.1.100.202309141235/tools/bin/../lib/gcc/arm-none-eabi/11.3.1/../../../../arm-none-eabi/lib/thumb/v7e-m+fp/hard\libc_nano.a
LOAD C:/ST/STM32CubeIDE_1.14.1/STM32CubeIDE/plugins/com.st.stm32cube.ide.mcu.externaltools.gnu-tools-for-stm32.11.3.rel1.win32_1.1.100.202309141235/tools/bin/../lib/gcc/arm-none-eabi/11.3.1/../../../../arm-none-eabi/lib/thumb/v7e-m+fp/hard\libm.a
END GROUP
START GROUP
LOAD C:/ST/STM32CubeIDE_1.14.1/STM32CubeIDE/plugins/com.st.stm32cube.ide.mcu.externaltools.gnu-tools-for-stm32.11.3.rel1.win32_1.1.100.202309141235/tools/bin/../lib/gcc/arm-none-eabi/11.3.1/thumb/v7e-m+fp/hard\libgcc.a
LOAD C:/ST/STM32CubeIDE_1.14.1/STM32CubeIDE/plugins/com.st.stm32cube.ide.mcu.externaltools.gnu-tools-for-stm32.11.3.rel1.win32_1.1.100.202309141235/tools/bin/../lib/gcc/arm-none-eabi/11.3.1/../../../../arm-none-eabi/lib/thumb/v7e-m+fp/hard\libc_nano.a
END GROUP
START GROUP
LOAD C:/ST/STM32CubeIDE_1.14.1/STM32CubeIDE/plugins/com.st.stm32cube.ide.mcu.externaltools.gnu-tools-for-stm32.11.3.rel1.win32_1.1.100.202309141235/tools/bin/../lib/gcc/arm-none-eabi/11.3.1/thumb/v7e-m+fp/hard\libgcc.a
LOAD C:/ST/STM32CubeIDE_1.14.1/STM32CubeIDE/plugins/com.st.stm32cube.ide.mcu.externaltools.gnu-tools-for-stm32.11.3.rel1.win32_1.1.100.202309141235/tools/bin/../lib/gcc/arm-none-eabi/11.3.1/../../../../arm-none-eabi/lib/thumb/v7e-m+fp/hard\libc_nano.a
LOAD C:/ST/STM32CubeIDE_1.14.1/STM32CubeIDE/plugins/com.st.stm32cube.ide.mcu.externaltools.gnu-tools-for-stm32.11.3.rel1.win32_1.1.100.202309141235/tools/bin/../lib/gcc/arm-none-eabi/11.3.1/../../../../arm-none-eabi/lib/thumb/v7e-m+fp/hard\libnosys.a
END GROUP
START GROUP
LOAD C:/ST/STM32CubeIDE_1.14.1/STM32CubeIDE/plugins/com.st.stm32cube.ide.mcu.externaltools.gnu-tools-for-stm32.11.3.rel1.win32_1.1.100.202309141235/tools/bin/../lib/gcc/arm-none-eabi/11.3.1/thumb/v7e-m+fp/hard\libgcc.a
LOAD C:/ST/STM32CubeIDE_1.14.1/STM32CubeIDE/plugins/com.st.stm32cube.ide.mcu.externaltools.gnu-tools-for-stm32.11.3.rel1.win32_1.1.100.202309141235/tools/bin/../lib/gcc/arm-none-eabi/11.3.1/../../../../arm-none-eabi/lib/thumb/v7e-m+fp/hard\libc_nano.a
LOAD C:/ST/STM32CubeIDE_1.14.1/STM32CubeIDE/plugins/com.st.stm32cube.ide.mcu.externaltools.gnu-tools-for-stm32.11.3.rel1.win32_1.1.100.202309141235/tools/bin/../lib/gcc/arm-none-eabi/11.3.1/../../../../arm-none-eabi/lib/thumb/v7e-m+fp/hard\libnosys.a
END GROUP
LOAD C:/ST/STM32CubeIDE_1.14.1/STM32CubeIDE/plugins/com.st.stm32cube.ide.mcu.externaltools.gnu-tools-for-stm32.11.3.rel1.win32_1.1.100.202309141235/tools/bin/../lib/gcc/arm-none-eabi/11.3.1/thumb/v7e-m+fp/hard/crtend.o
LOAD C:/ST/STM32CubeIDE_1.14.1/STM32CubeIDE/plugins/com.st.stm32cube.ide.mcu.externaltools.gnu-tools-for-stm32.11.3.rel1.win32_1.1.100.202309141235/tools/bin/../lib/gcc/arm-none-eabi/11.3.1/thumb/v7e-m+fp/hard/crtn.o
                0x0000000010020000                _estack = 0x10020000
                0x0000000000000400                _Min_Heap_Size = 0x400
                0x0000000000000800                _Min_Stack_Size = 0x800

.isr_vector     0x0000000008100000      0x298
                0x0000000008100000                . = ALIGN (0x4)
 *(.isr_vector)
 .isr_vector    0x0000000008100000      0x298 Core\Startup\startup_stm32h745zitx.o
                0x0000000008100000                g_pfnVectors
                0x0000000008100298                . = ALIGN (0x4)

.text           0x00000000081002a0     0x9cd4
                0x00000000081002a0                . = ALIGN (0x4)
 *(.text)
 .text          0x00000000081002a0       0x40 C:/ST/STM32CubeIDE_1.14.1/STM32CubeIDE/plugins/com.st.stm32cube.ide.mcu.externaltools.gnu-tools-for-stm32.11.3.rel1.win32_1.1.100.202309141235/tools/bin/../lib/gcc/arm-none-eabi/11.3.1/thumb/v7e-m+fp/hard/crtbegin.o
 .text          0x00000000081002e0       0xa0 C:/ST/STM32CubeIDE_1.14.1/STM32CubeIDE/plugins/com.st.stm32cube.ide.mcu.externaltools.gnu-tools-for-stm32.11.3.rel1.win32_1.1.100.202309141235/tools/bin/../lib/gcc/arm-none-eabi/11.3.1/thumb/v7e-m+fp/hard\libgcc.a(_arm_truncdfsf2.o)
                0x00000000081002e0                __truncdfsf2
                0x00000000081002e0                __aeabi_d2f
 .text          0x0000000008100380       0x30 C:/ST/STM32CubeIDE_1.14.1/STM32CubeIDE/plugins/com.st.stm32cube.ide.mcu.externaltools.gnu-tools-for-stm32.11.3.rel1.win32_1.1.100.202309141235/tools/bin/../lib/gcc/arm-none-eabi/11.3.1/thumb/v7e-m+fp/hard\libgcc.a(_aeabi_uldivmod.o)
                0x0000000008100380                __aeabi_uldivmod
 .text          0x00000000081003b0      0x2c8 C:/ST/STM32CubeIDE_1.14.1/STM32CubeIDE/plugins/com.st.stm32cube.ide.mcu.externaltools.gnu-tools-for-stm32.11.3.rel1.win32_1.1.100.202309141235/tools/bin/../lib/gcc/arm-none-eabi/11.3.1/thumb/v7e-m+fp/hard\libgcc.a(_udivmoddi4.o)
                0x00000000081003b0                __udivmoddi4
 .text          0x0000000008100678        0x4 C:/ST/STM32CubeIDE_1.14.1/STM32CubeIDE/plugins/com.st.stm32cube.ide.mcu.externaltools.gnu-tools-for-stm32.11.3.rel1.win32_1.1.100.202309141235/tools/bin/../lib/gcc/arm-none-eabi/11.3.1/thumb/v7e-m+fp/hard\libgcc.a(_dvmd_tls.o)
                0x0000000008100678                __aeabi_idiv0
                0x0000000008100678                __aeabi_ldiv0
 *(.text*)
 .text.InitFIFOs
                0x000000000810067c       0x20 Common\Src\LCD_VT100.o
 .text.WriteSFIFO
                0x000000000810069c       0x38 Common\Src\LCD_VT100.o
 .text.ReadSFIFO
                0x00000000081006d4       0x40 Common\Src\LCD_VT100.o
 .text.WriteRFIFO
                0x0000000008100714       0x38 Common\Src\LCD_VT100.o
 .text.TxComplete
                0x000000000810074c       0x14 Common\Src\LCD_VT100.o
 .text._utoab   0x0000000008100760       0x5c Common\Src\LCD_VT100.o
 .text._ultoab  0x00000000081007bc       0x5c Common\Src\LCD_VT100.o
 .text._utoan   0x0000000008100818       0x5c Common\Src\LCD_VT100.o
 .text._ultoan  0x0000000008100874       0x5c Common\Src\LCD_VT100.o
 .text._utoanb  0x00000000081008d0       0x4c Common\Src\LCD_VT100.o
 .text._ultoanb
                0x000000000810091c       0x4c Common\Src\LCD_VT100.o
 .text._ufractoa
                0x0000000008100968       0x78 Common\Src\LCD_VT100.o
 .text._ulfractoa
                0x00000000081009e0       0x78 Common\Src\LCD_VT100.o
 .text._itoa    0x0000000008100a58       0x84 Common\Src\LCD_VT100.o
 .text._ltoa    0x0000000008100adc       0x88 Common\Src\LCD_VT100.o
 .text._itoan   0x0000000008100b64       0xbc Common\Src\LCD_VT100.o
 .text._ltoan   0x0000000008100c20       0xbc Common\Src\LCD_VT100.o
 .text._ifractoa
                0x0000000008100cdc       0x98 Common\Src\LCD_VT100.o
 .text._lfractoa
                0x0000000008100d74       0x98 Common\Src\LCD_VT100.o
 .text._atois   0x0000000008100e0c       0x30 Common\Src\LCD_VT100.o
 .text._itoaE   0x0000000008100e3c       0x44 Common\Src\LCD_VT100.o
 .text.TransmitIt
                0x0000000008100e80        0x8 Common\Src\LCD_VT100.o
 .text.lcd_emiss
                0x0000000008100e88       0xb0 Common\Src\LCD_VT100.o
 .text._direct_lcdputs
                0x0000000008100f38       0x14 Common\Src\LCD_VT100.o
 .text._lcdgotoxy
                0x0000000008100f4c       0x84 Common\Src\LCD_VT100.o
 .text.InitCG   0x0000000008100fd0       0x50 Common\Src\LCD_VT100.o
 .text.lcdputc_lcd
                0x0000000008101020      0x29c Common\Src\LCD_VT100.o
 .text.lcdputc_vt
                0x00000000081012bc      0x1a0 Common\Src\LCD_VT100.o
 .text._lcdputc
                0x000000000810145c       0xe8 Common\Src\LCD_VT100.o
 .text._lcdputs
                0x0000000008101544       0x14 Common\Src\LCD_VT100.o
 .text._afff    0x0000000008101558      0x130 Common\Src\LCD_VT100.o
 .text.WaitIfRunning
                0x0000000008101688       0x28 Common\Src\LCD_VT100.o
                0x0000000008101688                WaitIfRunning
 .text.lcdTaskAllow
                0x00000000081016b0        0xc Common\Src\LCD_VT100.o
                0x00000000081016b0                lcdTaskAllow
 .text.VTCtrl   0x00000000081016bc       0x30 Common\Src\LCD_VT100.o
                0x00000000081016bc                VTCtrl
 .text.VTExtended
                0x00000000081016ec       0x30 Common\Src\LCD_VT100.o
                0x00000000081016ec                VTExtended
 .text.HuartAff_ErrorCallback
                0x000000000810171c        0x2 Common\Src\LCD_VT100.o
                0x000000000810171c                HuartAff_ErrorCallback
 *fill*         0x000000000810171e        0x2 
 .text.HuartAff_RxCpltCallback
                0x0000000008101720       0x20 Common\Src\LCD_VT100.o
                0x0000000008101720                HuartAff_RxCpltCallback
 .text.HuartAff_TxCpltCallback
                0x0000000008101740       0x30 Common\Src\LCD_VT100.o
                0x0000000008101740                HuartAff_TxCpltCallback
 .text.lcdputc  0x0000000008101770       0x30 Common\Src\LCD_VT100.o
                0x0000000008101770                lcdputc
 .text.lcdgotoxy
                0x00000000081017a0       0x34 Common\Src\LCD_VT100.o
                0x00000000081017a0                lcdgotoxy
 .text.lcdclrscr
                0x00000000081017d4       0x64 Common\Src\LCD_VT100.o
                0x00000000081017d4                lcdclrscr
 .text.lcdinit  0x0000000008101838       0xd8 Common\Src\LCD_VT100.o
                0x0000000008101838                lcdinit
 .text.lcdprintf
                0x0000000008101910      0x444 Common\Src\LCD_VT100.o
                0x0000000008101910                lcdprintf
 .text.lcdTextColor565
                0x0000000008101d54       0x7c Common\Src\LCD_VT100.o
                0x0000000008101d54                lcdTextColor565
 .text.lcdBackColor565
                0x0000000008101dd0       0x7c Common\Src\LCD_VT100.o
                0x0000000008101dd0                lcdBackColor565
 .text.lcdSetFont
                0x0000000008101e4c       0x70 Common\Src\LCD_VT100.o
                0x0000000008101e4c                lcdSetFont
 .text.getBAL_LIFE
                0x0000000008101ebc        0x6 Common\Src\SharedMemory.o
                0x0000000008101ebc                getBAL_LIFE
 .text.getBAL_X
                0x0000000008101ec2        0x4 Common\Src\SharedMemory.o
                0x0000000008101ec2                getBAL_X
 .text.getBAL_Y
                0x0000000008101ec6        0x6 Common\Src\SharedMemory.o
                0x0000000008101ec6                getBAL_Y
 .text.setBAL_LIFE
                0x0000000008101ecc       0x14 Common\Src\SharedMemory.o
                0x0000000008101ecc                setBAL_LIFE
 .text.setBAL_X
                0x0000000008101ee0        0xe Common\Src\SharedMemory.o
                0x0000000008101ee0                setBAL_X
 *fill*         0x0000000008101eee        0x2 
 .text.setBAL_Y
                0x0000000008101ef0       0x1c Common\Src\SharedMemory.o
                0x0000000008101ef0                setBAL_Y
 .text.DistBal  0x0000000008101f0c       0x38 Common\Src\SharedMemory.o
                0x0000000008101f0c                DistBal
 .text.SystemInit
                0x0000000008101f44       0x24 Common\Src\system_stm32h7xx_dualcore_boot_cm4_cm7.o
                0x0000000008101f44                SystemInit
 .text.IsNear   0x0000000008101f68       0x4c Core\Src\MySrc\DetectObst.o
 .text.IsBetween
                0x0000000008101fb4       0x1e Core\Src\MySrc\DetectObst.o
 *fill*         0x0000000008101fd2        0x2 
 .text.IsOnSeg  0x0000000008101fd4      0x1a8 Core\Src\MySrc\DetectObst.o
 .text.DetectObstacle
                0x000000000810217c      0x1a0 Core\Src\MySrc\DetectObst.o
                0x000000000810217c                DetectObstacle
 .text.PushNode
                0x000000000810231c       0x44 Core\Src\MySrc\Lidar.o
 .text.PopNode  0x0000000008102360       0x44 Core\Src\MySrc\Lidar.o
 .text.Vitesse  0x00000000081023a4       0x2c Core\Src\MySrc\Lidar.o
 .text.ascendScanData_
                0x00000000081023d0      0x17c Core\Src\MySrc\Lidar.o
 .text.PushDist
                0x000000000810254c       0x48 Core\Src\MySrc\Lidar.o
 .text.PopDist  0x0000000008102594       0x50 Core\Src\MySrc\Lidar.o
 .text.LidarSendx
                0x00000000081025e4       0x24 Core\Src\MySrc\Lidar.o
 .text.LidarGetx
                0x0000000008102608       0x24 Core\Src\MySrc\Lidar.o
 .text.MajBal   0x000000000810262c       0xa0 Core\Src\MySrc\Lidar.o
 .text.AddBalise
                0x00000000081026cc      0x14c Core\Src\MySrc\Lidar.o
 .text.AccLidar2
                0x0000000008102818       0x74 Core\Src\MySrc\Lidar.o
 .text.HuartRP_TxCpltCallback
                0x000000000810288c        0xc Core\Src\MySrc\Lidar.o
                0x000000000810288c                HuartRP_TxCpltCallback
 .text.HuartRP_ErrorCallback
                0x0000000008102898       0x28 Core\Src\MySrc\Lidar.o
                0x0000000008102898                HuartRP_ErrorCallback
 .text.LidarStop
                0x00000000081028c0       0x18 Core\Src\MySrc\Lidar.o
                0x00000000081028c0                LidarStop
 .text.LidarGetHealth
                0x00000000081028d8       0x2c Core\Src\MySrc\Lidar.o
                0x00000000081028d8                LidarGetHealth
 .text.LidarGetSampleRate
                0x0000000008102904       0x30 Core\Src\MySrc\Lidar.o
                0x0000000008102904                LidarGetSampleRate
 .text.LidarGetInfo
                0x0000000008102934       0x2c Core\Src\MySrc\Lidar.o
                0x0000000008102934                LidarGetInfo
 .text.StartScan
                0x0000000008102960       0x1c Core\Src\MySrc\Lidar.o
                0x0000000008102960                StartScan
 .text.CapsuleToNormalPush
                0x000000000810297c      0x1f4 Core\Src\MySrc\Lidar.o
                0x000000000810297c                CapsuleToNormalPush
 .text.HuartRP_RxCpltCallback
                0x0000000008102b70       0x70 Core\Src\MySrc\Lidar.o
                0x0000000008102b70                HuartRP_RxCpltCallback
 .text.GetDist  0x0000000008102be0       0x40 Core\Src\MySrc\Lidar.o
                0x0000000008102be0                GetDist
 .text.RT_LidarAcq
                0x0000000008102c20       0xa0 Core\Src\MySrc\Lidar.o
                0x0000000008102c20                RT_LidarAcq
 .text.Robot    0x0000000008102cc0      0x1e4 Core\Src\MySrc\Lidar.o
                0x0000000008102cc0                Robot
 .text.Coucou   0x0000000008102ea4       0x38 Core\Src\MySrc\Lidar.o
                0x0000000008102ea4                Coucou
 .text.RT_LidarTrt
                0x0000000008102edc      0x1c4 Core\Src\MySrc\Lidar.o
                0x0000000008102edc                RT_LidarTrt
 .text.InitTempsMs
                0x00000000081030a0        0x2 Core\Src\MySrc\TempsMs.o
                0x00000000081030a0                InitTempsMs
 *fill*         0x00000000081030a2        0x2 
 .text.GestTMs  0x00000000081030a4       0x7c Core\Src\MySrc\TempsMs.o
                0x00000000081030a4                GestTMs
 .text.MX_DMA_Init
                0x0000000008103120       0x24 Core\Src\dma.o
                0x0000000008103120                MX_DMA_Init
 .text.StartDefaultTask
                0x0000000008103144        0xa Core\Src\freertos.o
                0x0000000008103144                StartDefaultTask
 *fill*         0x000000000810314e        0x2 
 .text.vApplicationGetIdleTaskMemory
                0x0000000008103150       0x18 Core\Src\freertos.o
                0x0000000008103150                vApplicationGetIdleTaskMemory
 .text.MX_FREERTOS_Init
                0x0000000008103168       0x94 Core\Src\freertos.o
                0x0000000008103168                MX_FREERTOS_Init
 .text.MX_GPIO_Init
                0x00000000081031fc       0xb4 Core\Src\gpio.o
                0x00000000081031fc                MX_GPIO_Init
 .text.HAL_UART_RxCpltCallback
                0x00000000081032b0       0x24 Core\Src\main.o
                0x00000000081032b0                HAL_UART_RxCpltCallback
 .text.HAL_UART_TxCpltCallback
                0x00000000081032d4       0x24 Core\Src\main.o
                0x00000000081032d4                HAL_UART_TxCpltCallback
 .text.HAL_UART_ErrorCallback
                0x00000000081032f8       0x24 Core\Src\main.o
                0x00000000081032f8                HAL_UART_ErrorCallback
 .text.main     0x000000000810331c       0xe0 Core\Src\main.o
                0x000000000810331c                main
 .text.HAL_TIM_PeriodElapsedCallback
                0x00000000081033fc       0x90 Core\Src\main.o
                0x00000000081033fc                HAL_TIM_PeriodElapsedCallback
 .text.Error_Handler
                0x000000000810348c        0x2 Core\Src\main.o
                0x000000000810348c                Error_Handler
 *fill*         0x000000000810348e        0x2 
 .text.HAL_MspInit
                0x0000000008103490       0x34 Core\Src\stm32h7xx_hal_msp.o
                0x0000000008103490                HAL_MspInit
 .text.HAL_InitTick
                0x00000000081034c4       0x90 Core\Src\stm32h7xx_hal_timebase_tim.o
                0x00000000081034c4                HAL_InitTick
 .text.NMI_Handler
                0x0000000008103554        0x2 Core\Src\stm32h7xx_it.o
                0x0000000008103554                NMI_Handler
 .text.HardFault_Handler
                0x0000000008103556        0x2 Core\Src\stm32h7xx_it.o
                0x0000000008103556                HardFault_Handler
 .text.MemManage_Handler
                0x0000000008103558        0x2 Core\Src\stm32h7xx_it.o
                0x0000000008103558                MemManage_Handler
 .text.BusFault_Handler
                0x000000000810355a        0x2 Core\Src\stm32h7xx_it.o
                0x000000000810355a                BusFault_Handler
 .text.UsageFault_Handler
                0x000000000810355c        0x2 Core\Src\stm32h7xx_it.o
                0x000000000810355c                UsageFault_Handler
 .text.DebugMon_Handler
                0x000000000810355e        0x2 Core\Src\stm32h7xx_it.o
                0x000000000810355e                DebugMon_Handler
 .text.USART1_IRQHandler
                0x0000000008103560       0x10 Core\Src\stm32h7xx_it.o
                0x0000000008103560                USART1_IRQHandler
 .text.TIM8_TRG_COM_TIM14_IRQHandler
                0x0000000008103570       0x10 Core\Src\stm32h7xx_it.o
                0x0000000008103570                TIM8_TRG_COM_TIM14_IRQHandler
 .text.UART7_IRQHandler
                0x0000000008103580       0x10 Core\Src\stm32h7xx_it.o
                0x0000000008103580                UART7_IRQHandler
 .text.TIM15_IRQHandler
                0x0000000008103590       0x10 Core\Src\stm32h7xx_it.o
                0x0000000008103590                TIM15_IRQHandler
 .text.MX_TIM5_Init
                0x00000000081035a0       0x70 Core\Src\tim.o
                0x00000000081035a0                MX_TIM5_Init
 .text.MX_TIM14_Init
                0x0000000008103610       0x30 Core\Src\tim.o
                0x0000000008103610                MX_TIM14_Init
 .text.HAL_TIM_Base_MspInit
                0x0000000008103640       0x94 Core\Src\tim.o
                0x0000000008103640                HAL_TIM_Base_MspInit
 .text.HAL_TIM_MspPostInit
                0x00000000081036d4       0x5c Core\Src\tim.o
                0x00000000081036d4                HAL_TIM_MspPostInit
 .text.MX_TIM12_Init
                0x0000000008103730       0xb0 Core\Src\tim.o
                0x0000000008103730                MX_TIM12_Init
 .text.MX_UART7_Init
                0x00000000081037e0       0x68 Core\Src\usart.o
                0x00000000081037e0                MX_UART7_Init
 .text.MX_USART1_UART_Init
                0x0000000008103848       0x68 Core\Src\usart.o
                0x0000000008103848                MX_USART1_UART_Init
 .text.HAL_UART_MspInit
                0x00000000081038b0      0x194 Core\Src\usart.o
                0x00000000081038b0                HAL_UART_MspInit
 .text.Reset_Handler
                0x0000000008103a44       0x50 Core\Startup\startup_stm32h745zitx.o
                0x0000000008103a44                Reset_Handler
 .text.Default_Handler
                0x0000000008103a94        0x2 Core\Startup\startup_stm32h745zitx.o
                0x0000000008103a94                RTC_Alarm_IRQHandler
                0x0000000008103a94                EXTI2_IRQHandler
                0x0000000008103a94                TIM8_CC_IRQHandler
                0x0000000008103a94                HRTIM1_Master_IRQHandler
                0x0000000008103a94                UART8_IRQHandler
                0x0000000008103a94                SPI4_IRQHandler
                0x0000000008103a94                TIM1_CC_IRQHandler
                0x0000000008103a94                BDMA_Channel6_IRQHandler
                0x0000000008103a94                DMA2_Stream5_IRQHandler
                0x0000000008103a94                HRTIM1_FLT_IRQHandler
                0x0000000008103a94                JPEG_IRQHandler
                0x0000000008103a94                DMA1_Stream5_IRQHandler
                0x0000000008103a94                BDMA_Channel1_IRQHandler
                0x0000000008103a94                HRTIM1_TIMD_IRQHandler
                0x0000000008103a94                TAMP_STAMP_IRQHandler
                0x0000000008103a94                EXTI3_IRQHandler
                0x0000000008103a94                LPTIM4_IRQHandler
                0x0000000008103a94                LPTIM2_IRQHandler
                0x0000000008103a94                DFSDM1_FLT1_IRQHandler
                0x0000000008103a94                DMAMUX2_OVR_IRQHandler
                0x0000000008103a94                TIM8_UP_TIM13_IRQHandler
                0x0000000008103a94                I2C3_ER_IRQHandler
                0x0000000008103a94                DFSDM1_FLT2_IRQHandler
                0x0000000008103a94                MDMA_IRQHandler
                0x0000000008103a94                LPTIM3_IRQHandler
                0x0000000008103a94                HSEM1_IRQHandler
                0x0000000008103a94                EXTI0_IRQHandler
                0x0000000008103a94                I2C2_EV_IRQHandler
                0x0000000008103a94                DMA1_Stream2_IRQHandler
                0x0000000008103a94                FPU_IRQHandler
                0x0000000008103a94                OTG_HS_WKUP_IRQHandler
                0x0000000008103a94                FDCAN1_IT1_IRQHandler
                0x0000000008103a94                LTDC_ER_IRQHandler
                0x0000000008103a94                DMA2_Stream2_IRQHandler
                0x0000000008103a94                HRTIM1_TIME_IRQHandler
                0x0000000008103a94                SPI1_IRQHandler
                0x0000000008103a94                TIM6_DAC_IRQHandler
                0x0000000008103a94                DCMI_IRQHandler
                0x0000000008103a94                HRTIM1_TIMC_IRQHandler
                0x0000000008103a94                DMA2_Stream3_IRQHandler
                0x0000000008103a94                SAI2_IRQHandler
                0x0000000008103a94                DFSDM1_FLT3_IRQHandler
                0x0000000008103a94                USART6_IRQHandler
                0x0000000008103a94                TIM17_IRQHandler
                0x0000000008103a94                USART3_IRQHandler
                0x0000000008103a94                BDMA_Channel7_IRQHandler
                0x0000000008103a94                LPTIM5_IRQHandler
                0x0000000008103a94                UART5_IRQHandler
                0x0000000008103a94                ADC3_IRQHandler
                0x0000000008103a94                DMA2_Stream0_IRQHandler
                0x0000000008103a94                TIM4_IRQHandler
                0x0000000008103a94                BDMA_Channel2_IRQHandler
                0x0000000008103a94                QUADSPI_IRQHandler
                0x0000000008103a94                I2C1_EV_IRQHandler
                0x0000000008103a94                DMA1_Stream6_IRQHandler
                0x0000000008103a94                DMAMUX1_OVR_IRQHandler
                0x0000000008103a94                DMA1_Stream1_IRQHandler
                0x0000000008103a94                TIM16_IRQHandler
                0x0000000008103a94                UART4_IRQHandler
                0x0000000008103a94                BDMA_Channel5_IRQHandler
                0x0000000008103a94                TIM3_IRQHandler
                0x0000000008103a94                RCC_IRQHandler
                0x0000000008103a94                TIM8_BRK_TIM12_IRQHandler
                0x0000000008103a94                TIM1_TRG_COM_IRQHandler
                0x0000000008103a94                Default_Handler
                0x0000000008103a94                ECC_IRQHandler
                0x0000000008103a94                CEC_IRQHandler
                0x0000000008103a94                EXTI15_10_IRQHandler
                0x0000000008103a94                BDMA_Channel0_IRQHandler
                0x0000000008103a94                ADC_IRQHandler
                0x0000000008103a94                DMA1_Stream7_IRQHandler
                0x0000000008103a94                HRTIM1_TIMA_IRQHandler
                0x0000000008103a94                SPI5_IRQHandler
                0x0000000008103a94                TIM7_IRQHandler
                0x0000000008103a94                SDMMC1_IRQHandler
                0x0000000008103a94                TIM5_IRQHandler
                0x0000000008103a94                DMA2_Stream7_IRQHandler
                0x0000000008103a94                PVD_AVD_IRQHandler
                0x0000000008103a94                I2C3_EV_IRQHandler
                0x0000000008103a94                EXTI9_5_IRQHandler
                0x0000000008103a94                RTC_WKUP_IRQHandler
                0x0000000008103a94                LTDC_IRQHandler
                0x0000000008103a94                SAI3_IRQHandler
                0x0000000008103a94                ETH_WKUP_IRQHandler
                0x0000000008103a94                SPDIF_RX_IRQHandler
                0x0000000008103a94                SPI2_IRQHandler
                0x0000000008103a94                OTG_HS_EP1_IN_IRQHandler
                0x0000000008103a94                DMA1_Stream0_IRQHandler
                0x0000000008103a94                CRS_IRQHandler
                0x0000000008103a94                CM7_SEV_IRQHandler
                0x0000000008103a94                EXTI4_IRQHandler
                0x0000000008103a94                RNG_IRQHandler
                0x0000000008103a94                CM4_SEV_IRQHandler
                0x0000000008103a94                HRTIM1_TIMB_IRQHandler
                0x0000000008103a94                FDCAN2_IT1_IRQHandler
                0x0000000008103a94                ETH_IRQHandler
                0x0000000008103a94                TIM1_UP_IRQHandler
                0x0000000008103a94                WWDG_RST_IRQHandler
                0x0000000008103a94                BDMA_Channel4_IRQHandler
                0x0000000008103a94                OTG_HS_EP1_OUT_IRQHandler
                0x0000000008103a94                WWDG_IRQHandler
                0x0000000008103a94                SPI6_IRQHandler
                0x0000000008103a94                MDIOS_IRQHandler
                0x0000000008103a94                I2C4_EV_IRQHandler
                0x0000000008103a94                FDCAN2_IT0_IRQHandler
                0x0000000008103a94                LPUART1_IRQHandler
                0x0000000008103a94                FDCAN1_IT0_IRQHandler
                0x0000000008103a94                TIM2_IRQHandler
                0x0000000008103a94                OTG_FS_WKUP_IRQHandler
                0x0000000008103a94                OTG_HS_IRQHandler
                0x0000000008103a94                HSEM2_IRQHandler
                0x0000000008103a94                DMA2D_IRQHandler
                0x0000000008103a94                TIM1_BRK_IRQHandler
                0x0000000008103a94                EXTI1_IRQHandler
                0x0000000008103a94                SDMMC2_IRQHandler
                0x0000000008103a94                OTG_FS_EP1_OUT_IRQHandler
                0x0000000008103a94                BDMA_Channel3_IRQHandler
                0x0000000008103a94                HOLD_CORE_IRQHandler
                0x0000000008103a94                MDIOS_WKUP_IRQHandler
                0x0000000008103a94                USART2_IRQHandler
                0x0000000008103a94                DFSDM1_FLT0_IRQHandler
                0x0000000008103a94                SAI4_IRQHandler
                0x0000000008103a94                I2C2_ER_IRQHandler
                0x0000000008103a94                DMA2_Stream1_IRQHandler
                0x0000000008103a94                FLASH_IRQHandler
                0x0000000008103a94                DMA2_Stream4_IRQHandler
                0x0000000008103a94                OTG_FS_IRQHandler
                0x0000000008103a94                SPI3_IRQHandler
                0x0000000008103a94                WAKEUP_PIN_IRQHandler
                0x0000000008103a94                DMA1_Stream4_IRQHandler
                0x0000000008103a94                OTG_FS_EP1_IN_IRQHandler
                0x0000000008103a94                I2C1_ER_IRQHandler
                0x0000000008103a94                FMC_IRQHandler
                0x0000000008103a94                FDCAN_CAL_IRQHandler
                0x0000000008103a94                SWPMI1_IRQHandler
                0x0000000008103a94                COMP1_IRQHandler
                0x0000000008103a94                LPTIM1_IRQHandler
                0x0000000008103a94                I2C4_ER_IRQHandler
                0x0000000008103a94                DMA2_Stream6_IRQHandler
                0x0000000008103a94                SAI1_IRQHandler
                0x0000000008103a94                DMA1_Stream3_IRQHandler
 .text.__retarget_lock_acquire_recursive
                0x0000000008103a96       0x44 Core\ThreadSafe\newlib_lock_glue.o
                0x0000000008103a96                __retarget_lock_acquire_recursive
 .text.__retarget_lock_release_recursive
                0x0000000008103ada       0x34 Core\ThreadSafe\newlib_lock_glue.o
                0x0000000008103ada                __retarget_lock_release_recursive
 *fill*         0x0000000008103b0e        0x2 
 .text.HAL_Init
                0x0000000008103b10       0x9c Drivers\STM32H7xx_HAL_Driver\Src\stm32h7xx_hal.o
                0x0000000008103b10                HAL_Init
 .text.HAL_IncTick
                0x0000000008103bac       0x18 Drivers\STM32H7xx_HAL_Driver\Src\stm32h7xx_hal.o
                0x0000000008103bac                HAL_IncTick
 .text.HAL_GetTick
                0x0000000008103bc4        0xc Drivers\STM32H7xx_HAL_Driver\Src\stm32h7xx_hal.o
                0x0000000008103bc4                HAL_GetTick
 .text.HAL_NVIC_SetPriorityGrouping
                0x0000000008103bd0       0x24 Drivers\STM32H7xx_HAL_Driver\Src\stm32h7xx_hal_cortex.o
                0x0000000008103bd0                HAL_NVIC_SetPriorityGrouping
 .text.HAL_NVIC_SetPriority
                0x0000000008103bf4       0x70 Drivers\STM32H7xx_HAL_Driver\Src\stm32h7xx_hal_cortex.o
                0x0000000008103bf4                HAL_NVIC_SetPriority
 .text.HAL_NVIC_EnableIRQ
                0x0000000008103c64       0x1c Drivers\STM32H7xx_HAL_Driver\Src\stm32h7xx_hal_cortex.o
                0x0000000008103c64                HAL_NVIC_EnableIRQ
 .text.HAL_GetCurrentCPUID
                0x0000000008103c80       0x18 Drivers\STM32H7xx_HAL_Driver\Src\stm32h7xx_hal_cortex.o
                0x0000000008103c80                HAL_GetCurrentCPUID
 .text.HAL_DMA_Abort
                0x0000000008103c98      0x338 Drivers\STM32H7xx_HAL_Driver\Src\stm32h7xx_hal_dma.o
                0x0000000008103c98                HAL_DMA_Abort
 .text.HAL_DMA_Abort_IT
                0x0000000008103fd0      0x270 Drivers\STM32H7xx_HAL_Driver\Src\stm32h7xx_hal_dma.o
                0x0000000008103fd0                HAL_DMA_Abort_IT
 .text.HAL_GPIO_Init
                0x0000000008104240      0x220 Drivers\STM32H7xx_HAL_Driver\Src\stm32h7xx_hal_gpio.o
                0x0000000008104240                HAL_GPIO_Init
 .text.HAL_GPIO_WritePin
                0x0000000008104460        0xc Drivers\STM32H7xx_HAL_Driver\Src\stm32h7xx_hal_gpio.o
                0x0000000008104460                HAL_GPIO_WritePin
 .text.HAL_HSEM_ActivateNotification
                0x000000000810446c       0x10 Drivers\STM32H7xx_HAL_Driver\Src\stm32h7xx_hal_hsem.o
                0x000000000810446c                HAL_HSEM_ActivateNotification
 .text.HAL_PWREx_ClearPendingEvent
                0x000000000810447c       0x14 Drivers\STM32H7xx_HAL_Driver\Src\stm32h7xx_hal_pwr_ex.o
                0x000000000810447c                HAL_PWREx_ClearPendingEvent
 .text.HAL_RCC_GetSysClockFreq
                0x0000000008104490      0x1f4 Drivers\STM32H7xx_HAL_Driver\Src\stm32h7xx_hal_rcc.o
                0x0000000008104490                HAL_RCC_GetSysClockFreq
 .text.HAL_RCC_GetHCLKFreq
                0x0000000008104684       0x40 Drivers\STM32H7xx_HAL_Driver\Src\stm32h7xx_hal_rcc.o
                0x0000000008104684                HAL_RCC_GetHCLKFreq
 .text.HAL_RCC_GetPCLK1Freq
                0x00000000081046c4       0x24 Drivers\STM32H7xx_HAL_Driver\Src\stm32h7xx_hal_rcc.o
                0x00000000081046c4                HAL_RCC_GetPCLK1Freq
 .text.HAL_RCC_GetPCLK2Freq
                0x00000000081046e8       0x24 Drivers\STM32H7xx_HAL_Driver\Src\stm32h7xx_hal_rcc.o
                0x00000000081046e8                HAL_RCC_GetPCLK2Freq
 .text.HAL_RCC_GetClockConfig
                0x000000000810470c       0x54 Drivers\STM32H7xx_HAL_Driver\Src\stm32h7xx_hal_rcc.o
                0x000000000810470c                HAL_RCC_GetClockConfig
 .text.RCCEx_PLL2_Config
                0x0000000008104760      0x10c Drivers\STM32H7xx_HAL_Driver\Src\stm32h7xx_hal_rcc_ex.o
 .text.RCCEx_PLL3_Config
                0x000000000810486c      0x10c Drivers\STM32H7xx_HAL_Driver\Src\stm32h7xx_hal_rcc_ex.o
 .text.HAL_RCCEx_PeriphCLKConfig
                0x0000000008104978      0xa8c Drivers\STM32H7xx_HAL_Driver\Src\stm32h7xx_hal_rcc_ex.o
                0x0000000008104978                HAL_RCCEx_PeriphCLKConfig
 .text.HAL_RCCEx_GetD3PCLK1Freq
                0x0000000008105404       0x24 Drivers\STM32H7xx_HAL_Driver\Src\stm32h7xx_hal_rcc_ex.o
                0x0000000008105404                HAL_RCCEx_GetD3PCLK1Freq
 .text.HAL_RCCEx_GetPLL2ClockFreq
                0x0000000008105428      0x1fc Drivers\STM32H7xx_HAL_Driver\Src\stm32h7xx_hal_rcc_ex.o
                0x0000000008105428                HAL_RCCEx_GetPLL2ClockFreq
 .text.HAL_RCCEx_GetPLL3ClockFreq
                0x0000000008105624      0x1fc Drivers\STM32H7xx_HAL_Driver\Src\stm32h7xx_hal_rcc_ex.o
                0x0000000008105624                HAL_RCCEx_GetPLL3ClockFreq
 .text.TIM_OC1_SetConfig
                0x0000000008105820       0x9c Drivers\STM32H7xx_HAL_Driver\Src\stm32h7xx_hal_tim.o
 .text.TIM_OC3_SetConfig
                0x00000000081058bc       0x8c Drivers\STM32H7xx_HAL_Driver\Src\stm32h7xx_hal_tim.o
 .text.TIM_OC4_SetConfig
                0x0000000008105948       0x6c Drivers\STM32H7xx_HAL_Driver\Src\stm32h7xx_hal_tim.o
 .text.TIM_OC5_SetConfig
                0x00000000081059b4       0x68 Drivers\STM32H7xx_HAL_Driver\Src\stm32h7xx_hal_tim.o
 .text.TIM_OC6_SetConfig
                0x0000000008105a1c       0x6c Drivers\STM32H7xx_HAL_Driver\Src\stm32h7xx_hal_tim.o
 .text.TIM_TI1_ConfigInputStage
                0x0000000008105a88       0x26 Drivers\STM32H7xx_HAL_Driver\Src\stm32h7xx_hal_tim.o
 .text.TIM_TI2_ConfigInputStage
                0x0000000008105aae       0x28 Drivers\STM32H7xx_HAL_Driver\Src\stm32h7xx_hal_tim.o
 .text.TIM_ITRx_SetConfig
                0x0000000008105ad6       0x14 Drivers\STM32H7xx_HAL_Driver\Src\stm32h7xx_hal_tim.o
 *fill*         0x0000000008105aea        0x2 
 .text.HAL_TIM_Base_Start
                0x0000000008105aec       0x8c Drivers\STM32H7xx_HAL_Driver\Src\stm32h7xx_hal_tim.o
                0x0000000008105aec                HAL_TIM_Base_Start
 .text.HAL_TIM_Base_Start_IT
                0x0000000008105b78       0x94 Drivers\STM32H7xx_HAL_Driver\Src\stm32h7xx_hal_tim.o
                0x0000000008105b78                HAL_TIM_Base_Start_IT
 .text.HAL_TIM_PWM_MspInit
                0x0000000008105c0c        0x2 Drivers\STM32H7xx_HAL_Driver\Src\stm32h7xx_hal_tim.o
                0x0000000008105c0c                HAL_TIM_PWM_MspInit
 .text.HAL_TIM_OC_DelayElapsedCallback
                0x0000000008105c0e        0x2 Drivers\STM32H7xx_HAL_Driver\Src\stm32h7xx_hal_tim.o
                0x0000000008105c0e                HAL_TIM_OC_DelayElapsedCallback
 .text.HAL_TIM_IC_CaptureCallback
                0x0000000008105c10        0x2 Drivers\STM32H7xx_HAL_Driver\Src\stm32h7xx_hal_tim.o
                0x0000000008105c10                HAL_TIM_IC_CaptureCallback
 .text.HAL_TIM_PWM_PulseFinishedCallback
                0x0000000008105c12        0x2 Drivers\STM32H7xx_HAL_Driver\Src\stm32h7xx_hal_tim.o
                0x0000000008105c12                HAL_TIM_PWM_PulseFinishedCallback
 .text.HAL_TIM_TriggerCallback
                0x0000000008105c14        0x2 Drivers\STM32H7xx_HAL_Driver\Src\stm32h7xx_hal_tim.o
                0x0000000008105c14                HAL_TIM_TriggerCallback
 .text.HAL_TIM_IRQHandler
                0x0000000008105c16      0x19a Drivers\STM32H7xx_HAL_Driver\Src\stm32h7xx_hal_tim.o
                0x0000000008105c16                HAL_TIM_IRQHandler
 .text.TIM_Base_SetConfig
                0x0000000008105db0       0xc8 Drivers\STM32H7xx_HAL_Driver\Src\stm32h7xx_hal_tim.o
                0x0000000008105db0                TIM_Base_SetConfig
 .text.HAL_TIM_Base_Init
                0x0000000008105e78       0x60 Drivers\STM32H7xx_HAL_Driver\Src\stm32h7xx_hal_tim.o
                0x0000000008105e78                HAL_TIM_Base_Init
 .text.HAL_TIM_PWM_Init
                0x0000000008105ed8       0x60 Drivers\STM32H7xx_HAL_Driver\Src\stm32h7xx_hal_tim.o
                0x0000000008105ed8                HAL_TIM_PWM_Init
 .text.TIM_OC2_SetConfig
                0x0000000008105f38       0x8c Drivers\STM32H7xx_HAL_Driver\Src\stm32h7xx_hal_tim.o
                0x0000000008105f38                TIM_OC2_SetConfig
 .text.HAL_TIM_PWM_ConfigChannel
                0x0000000008105fc4      0x13a Drivers\STM32H7xx_HAL_Driver\Src\stm32h7xx_hal_tim.o
                0x0000000008105fc4                HAL_TIM_PWM_ConfigChannel
 .text.TIM_ETR_SetConfig
                0x00000000081060fe       0x1a Drivers\STM32H7xx_HAL_Driver\Src\stm32h7xx_hal_tim.o
                0x00000000081060fe                TIM_ETR_SetConfig
 .text.HAL_TIM_ConfigClockSource
                0x0000000008106118      0x138 Drivers\STM32H7xx_HAL_Driver\Src\stm32h7xx_hal_tim.o
                0x0000000008106118                HAL_TIM_ConfigClockSource
 .text.TIM_CCxChannelCmd
                0x0000000008106250       0x1e Drivers\STM32H7xx_HAL_Driver\Src\stm32h7xx_hal_tim.o
                0x0000000008106250                TIM_CCxChannelCmd
 *fill*         0x000000000810626e        0x2 
 .text.HAL_TIM_PWM_Start
                0x0000000008106270      0x174 Drivers\STM32H7xx_HAL_Driver\Src\stm32h7xx_hal_tim.o
                0x0000000008106270                HAL_TIM_PWM_Start
 .text.HAL_TIMEx_MasterConfigSynchronization
                0x00000000081063e4       0xa0 Drivers\STM32H7xx_HAL_Driver\Src\stm32h7xx_hal_tim_ex.o
                0x00000000081063e4                HAL_TIMEx_MasterConfigSynchronization
 .text.HAL_TIMEx_CommutCallback
                0x0000000008106484        0x2 Drivers\STM32H7xx_HAL_Driver\Src\stm32h7xx_hal_tim_ex.o
                0x0000000008106484                HAL_TIMEx_CommutCallback
 .text.HAL_TIMEx_BreakCallback
                0x0000000008106486        0x2 Drivers\STM32H7xx_HAL_Driver\Src\stm32h7xx_hal_tim_ex.o
                0x0000000008106486                HAL_TIMEx_BreakCallback
 .text.HAL_TIMEx_Break2Callback
                0x0000000008106488        0x2 Drivers\STM32H7xx_HAL_Driver\Src\stm32h7xx_hal_tim_ex.o
                0x0000000008106488                HAL_TIMEx_Break2Callback
 .text.UART_EndRxTransfer
                0x000000000810648a       0x56 Drivers\STM32H7xx_HAL_Driver\Src\stm32h7xx_hal_uart.o
 .text.UART_TxISR_8BIT
                0x00000000081064e0       0x56 Drivers\STM32H7xx_HAL_Driver\Src\stm32h7xx_hal_uart.o
 .text.UART_TxISR_16BIT
                0x0000000008106536       0x5a Drivers\STM32H7xx_HAL_Driver\Src\stm32h7xx_hal_uart.o
 .text.UART_TxISR_8BIT_FIFOEN
                0x0000000008106590       0x74 Drivers\STM32H7xx_HAL_Driver\Src\stm32h7xx_hal_uart.o
 .text.UART_TxISR_16BIT_FIFOEN
                0x0000000008106604       0x78 Drivers\STM32H7xx_HAL_Driver\Src\stm32h7xx_hal_uart.o
 .text.HAL_UART_Transmit_IT
                0x000000000810667c       0xac Drivers\STM32H7xx_HAL_Driver\Src\stm32h7xx_hal_uart.o
                0x000000000810667c                HAL_UART_Transmit_IT
 .text.UART_EndTransmit_IT
                0x0000000008106728       0x24 Drivers\STM32H7xx_HAL_Driver\Src\stm32h7xx_hal_uart.o
 .text.UART_DMAAbortOnError
                0x000000000810674c       0x14 Drivers\STM32H7xx_HAL_Driver\Src\stm32h7xx_hal_uart.o
 .text.HAL_UARTEx_RxEventCallback
                0x0000000008106760        0x2 Drivers\STM32H7xx_HAL_Driver\Src\stm32h7xx_hal_uart.o
                0x0000000008106760                HAL_UARTEx_RxEventCallback
 *fill*         0x0000000008106762        0x2 
 .text.HAL_UART_IRQHandler
                0x0000000008106764      0x3b4 Drivers\STM32H7xx_HAL_Driver\Src\stm32h7xx_hal_uart.o
                0x0000000008106764                HAL_UART_IRQHandler
 .text.UART_RxISR_8BIT
                0x0000000008106b18       0xdc Drivers\STM32H7xx_HAL_Driver\Src\stm32h7xx_hal_uart.o
 .text.UART_RxISR_16BIT
                0x0000000008106bf4       0xd8 Drivers\STM32H7xx_HAL_Driver\Src\stm32h7xx_hal_uart.o
 .text.UART_RxISR_8BIT_FIFOEN
                0x0000000008106ccc      0x1cc Drivers\STM32H7xx_HAL_Driver\Src\stm32h7xx_hal_uart.o
 .text.UART_RxISR_16BIT_FIFOEN
                0x0000000008106e98      0x1c8 Drivers\STM32H7xx_HAL_Driver\Src\stm32h7xx_hal_uart.o
 .text.UART_SetConfig
                0x0000000008107060      0x5f4 Drivers\STM32H7xx_HAL_Driver\Src\stm32h7xx_hal_uart.o
                0x0000000008107060                UART_SetConfig
 .text.UART_AdvFeatureConfig
                0x0000000008107654       0xca Drivers\STM32H7xx_HAL_Driver\Src\stm32h7xx_hal_uart.o
                0x0000000008107654                UART_AdvFeatureConfig
 .text.UART_WaitOnFlagUntilTimeout
                0x000000000810771e       0x96 Drivers\STM32H7xx_HAL_Driver\Src\stm32h7xx_hal_uart.o
                0x000000000810771e                UART_WaitOnFlagUntilTimeout
 .text.UART_CheckIdleState
                0x00000000081077b4       0xca Drivers\STM32H7xx_HAL_Driver\Src\stm32h7xx_hal_uart.o
                0x00000000081077b4                UART_CheckIdleState
 .text.HAL_UART_Init
                0x000000000810787e       0x66 Drivers\STM32H7xx_HAL_Driver\Src\stm32h7xx_hal_uart.o
                0x000000000810787e                HAL_UART_Init
 .text.UART_Start_Receive_IT
                0x00000000081078e4      0x13c Drivers\STM32H7xx_HAL_Driver\Src\stm32h7xx_hal_uart.o
                0x00000000081078e4                UART_Start_Receive_IT
 .text.HAL_UART_Receive_IT
                0x0000000008107a20       0x4c Drivers\STM32H7xx_HAL_Driver\Src\stm32h7xx_hal_uart.o
                0x0000000008107a20                HAL_UART_Receive_IT
 .text.UARTEx_SetNbDataToProcess
                0x0000000008107a6c       0x4c Drivers\STM32H7xx_HAL_Driver\Src\stm32h7xx_hal_uart_ex.o
 .text.HAL_UARTEx_WakeupCallback
                0x0000000008107ab8        0x2 Drivers\STM32H7xx_HAL_Driver\Src\stm32h7xx_hal_uart_ex.o
                0x0000000008107ab8                HAL_UARTEx_WakeupCallback
 .text.HAL_UARTEx_RxFifoFullCallback
                0x0000000008107aba        0x2 Drivers\STM32H7xx_HAL_Driver\Src\stm32h7xx_hal_uart_ex.o
                0x0000000008107aba                HAL_UARTEx_RxFifoFullCallback
 .text.HAL_UARTEx_TxFifoEmptyCallback
                0x0000000008107abc        0x2 Drivers\STM32H7xx_HAL_Driver\Src\stm32h7xx_hal_uart_ex.o
                0x0000000008107abc                HAL_UARTEx_TxFifoEmptyCallback
 .text.HAL_UARTEx_DisableFifoMode
                0x0000000008107abe       0x3e Drivers\STM32H7xx_HAL_Driver\Src\stm32h7xx_hal_uart_ex.o
                0x0000000008107abe                HAL_UARTEx_DisableFifoMode
 .text.HAL_UARTEx_SetTxFifoThreshold
                0x0000000008107afc       0x4a Drivers\STM32H7xx_HAL_Driver\Src\stm32h7xx_hal_uart_ex.o
                0x0000000008107afc                HAL_UARTEx_SetTxFifoThreshold
 .text.HAL_UARTEx_SetRxFifoThreshold
                0x0000000008107b46       0x4a Drivers\STM32H7xx_HAL_Driver\Src\stm32h7xx_hal_uart_ex.o
                0x0000000008107b46                HAL_UARTEx_SetRxFifoThreshold
 .text.makeFreeRtosPriority
                0x0000000008107b90        0xc Middlewares\Third_Party\FreeRTOS\Source\CMSIS_RTOS\cmsis_os.o
 .text.osKernelStart
                0x0000000008107b9c        0xa Middlewares\Third_Party\FreeRTOS\Source\CMSIS_RTOS\cmsis_os.o
                0x0000000008107b9c                osKernelStart
 .text.osThreadCreate
                0x0000000008107ba6       0x36 Middlewares\Third_Party\FreeRTOS\Source\CMSIS_RTOS\cmsis_os.o
                0x0000000008107ba6                osThreadCreate
 .text.osDelay  0x0000000008107bdc        0xe Middlewares\Third_Party\FreeRTOS\Source\CMSIS_RTOS\cmsis_os.o
                0x0000000008107bdc                osDelay
 .text.vListInitialise
                0x0000000008107bea       0x16 Middlewares\Third_Party\FreeRTOS\Source\list.o
                0x0000000008107bea                vListInitialise
 .text.vListInitialiseItem
                0x0000000008107c00        0x6 Middlewares\Third_Party\FreeRTOS\Source\list.o
                0x0000000008107c00                vListInitialiseItem
 .text.vListInsertEnd
                0x0000000008107c06       0x16 Middlewares\Third_Party\FreeRTOS\Source\list.o
                0x0000000008107c06                vListInsertEnd
 .text.vListInsert
                0x0000000008107c1c       0x32 Middlewares\Third_Party\FreeRTOS\Source\list.o
                0x0000000008107c1c                vListInsert
 .text.uxListRemove
                0x0000000008107c4e       0x26 Middlewares\Third_Party\FreeRTOS\Source\list.o
                0x0000000008107c4e                uxListRemove
 .text.prvTaskExitError
                0x0000000008107c74       0x40 Middlewares\Third_Party\FreeRTOS\Source\portable\GCC\ARM_CM4F\port.o
 .text.prvPortStartFirstTask
                0x0000000008107cb4       0x28 Middlewares\Third_Party\FreeRTOS\Source\portable\GCC\ARM_CM4F\port.o
 .text.vPortEnableVFP
                0x0000000008107cdc       0x14 Middlewares\Third_Party\FreeRTOS\Source\portable\GCC\ARM_CM4F\port.o
 .text.pxPortInitialiseStack
                0x0000000008107cf0       0x2c Middlewares\Third_Party\FreeRTOS\Source\portable\GCC\ARM_CM4F\port.o
                0x0000000008107cf0                pxPortInitialiseStack
 *fill*         0x0000000008107d1c        0x4 
 .text.SVC_Handler
                0x0000000008107d20       0x24 Middlewares\Third_Party\FreeRTOS\Source\portable\GCC\ARM_CM4F\port.o
                0x0000000008107d20                SVC_Handler
 .text.vPortEnterCritical
                0x0000000008107d44       0x44 Middlewares\Third_Party\FreeRTOS\Source\portable\GCC\ARM_CM4F\port.o
                0x0000000008107d44                vPortEnterCritical
 .text.vPortExitCritical
                0x0000000008107d88       0x2c Middlewares\Third_Party\FreeRTOS\Source\portable\GCC\ARM_CM4F\port.o
                0x0000000008107d88                vPortExitCritical
 *fill*         0x0000000008107db4        0xc 
 .text.PendSV_Handler
                0x0000000008107dc0       0x64 Middlewares\Third_Party\FreeRTOS\Source\portable\GCC\ARM_CM4F\port.o
                0x0000000008107dc0                PendSV_Handler
 .text.SysTick_Handler
                0x0000000008107e24       0x2c Middlewares\Third_Party\FreeRTOS\Source\portable\GCC\ARM_CM4F\port.o
                0x0000000008107e24                SysTick_Handler
 .text.vPortSetupTimerInterrupt
                0x0000000008107e50       0x28 Middlewares\Third_Party\FreeRTOS\Source\portable\GCC\ARM_CM4F\port.o
                0x0000000008107e50                vPortSetupTimerInterrupt
 .text.xPortStartScheduler
                0x0000000008107e78      0x118 Middlewares\Third_Party\FreeRTOS\Source\portable\GCC\ARM_CM4F\port.o
                0x0000000008107e78                xPortStartScheduler
 .text.prvResetNextTaskUnblockTime
                0x0000000008107f90       0x2c Middlewares\Third_Party\FreeRTOS\Source\tasks.o
 .text.prvInitialiseNewTask
                0x0000000008107fbc       0xbc Middlewares\Third_Party\FreeRTOS\Source\tasks.o
 .text.prvInitialiseTaskLists
                0x0000000008108078       0x68 Middlewares\Third_Party\FreeRTOS\Source\tasks.o
 .text.prvAddNewTaskToReadyList
                0x00000000081080e0       0xa8 Middlewares\Third_Party\FreeRTOS\Source\tasks.o
 .text.prvDeleteTCB
                0x0000000008108188        0xa Middlewares\Third_Party\FreeRTOS\Source\tasks.o
 *fill*         0x0000000008108192        0x2 
 .text.prvCheckTasksWaitingTermination
                0x0000000008108194       0x4c Middlewares\Third_Party\FreeRTOS\Source\tasks.o
 .text.prvIdleTask
                0x00000000081081e0       0x28 Middlewares\Third_Party\FreeRTOS\Source\tasks.o
 .text.prvAddCurrentTaskToDelayedList
                0x0000000008108208       0x98 Middlewares\Third_Party\FreeRTOS\Source\tasks.o
 .text.xTaskCreateStatic
                0x00000000081082a0       0x70 Middlewares\Third_Party\FreeRTOS\Source\tasks.o
                0x00000000081082a0                xTaskCreateStatic
 .text.vTaskStartScheduler
                0x0000000008108310       0x84 Middlewares\Third_Party\FreeRTOS\Source\tasks.o
                0x0000000008108310                vTaskStartScheduler
 .text.vTaskSuspendAll
                0x0000000008108394       0x10 Middlewares\Third_Party\FreeRTOS\Source\tasks.o
                0x0000000008108394                vTaskSuspendAll
 .text.xTaskGetTickCount
                0x00000000081083a4        0xc Middlewares\Third_Party\FreeRTOS\Source\tasks.o
                0x00000000081083a4                xTaskGetTickCount
 .text.xTaskIncrementTick
                0x00000000081083b0      0x118 Middlewares\Third_Party\FreeRTOS\Source\tasks.o
                0x00000000081083b0                xTaskIncrementTick
 .text.xTaskResumeAll
                0x00000000081084c8       0xf8 Middlewares\Third_Party\FreeRTOS\Source\tasks.o
                0x00000000081084c8                xTaskResumeAll
 .text.vTaskDelayUntil
                0x00000000081085c0       0xa4 Middlewares\Third_Party\FreeRTOS\Source\tasks.o
                0x00000000081085c0                vTaskDelayUntil
 .text.vTaskDelay
                0x0000000008108664       0x4c Middlewares\Third_Party\FreeRTOS\Source\tasks.o
                0x0000000008108664                vTaskDelay
 .text.vTaskSwitchContext
                0x00000000081086b0       0xa4 Middlewares\Third_Party\FreeRTOS\Source\tasks.o
                0x00000000081086b0                vTaskSwitchContext
 .text.xTaskGetCurrentTaskHandle
                0x0000000008108754        0xc Middlewares\Third_Party\FreeRTOS\Source\tasks.o
                0x0000000008108754                xTaskGetCurrentTaskHandle
 .text.__malloc_lock
                0x0000000008108760        0xc C:/ST/STM32CubeIDE_1.14.1/STM32CubeIDE/plugins/com.st.stm32cube.ide.mcu.externaltools.gnu-tools-for-stm32.11.3.rel1.win32_1.1.100.202309141235/tools/bin/../lib/gcc/arm-none-eabi/11.3.1/../../../../arm-none-eabi/lib/thumb/v7e-m+fp/hard\libc_nano.a(libc_a-mlock.o)
                0x0000000008108760                __malloc_lock
 .text.__malloc_unlock
                0x000000000810876c        0xc C:/ST/STM32CubeIDE_1.14.1/STM32CubeIDE/plugins/com.st.stm32cube.ide.mcu.externaltools.gnu-tools-for-stm32.11.3.rel1.win32_1.1.100.202309141235/tools/bin/../lib/gcc/arm-none-eabi/11.3.1/../../../../arm-none-eabi/lib/thumb/v7e-m+fp/hard\libc_nano.a(libc_a-mlock.o)
                0x000000000810876c                __malloc_unlock
 .text.memset   0x0000000008108778       0x10 C:/ST/STM32CubeIDE_1.14.1/STM32CubeIDE/plugins/com.st.stm32cube.ide.mcu.externaltools.gnu-tools-for-stm32.11.3.rel1.win32_1.1.100.202309141235/tools/bin/../lib/gcc/arm-none-eabi/11.3.1/../../../../arm-none-eabi/lib/thumb/v7e-m+fp/hard\libc_nano.a(libc_a-memset.o)
                0x0000000008108778                memset
 .text._reclaim_reent
                0x0000000008108788       0xac C:/ST/STM32CubeIDE_1.14.1/STM32CubeIDE/plugins/com.st.stm32cube.ide.mcu.externaltools.gnu-tools-for-stm32.11.3.rel1.win32_1.1.100.202309141235/tools/bin/../lib/gcc/arm-none-eabi/11.3.1/../../../../arm-none-eabi/lib/thumb/v7e-m+fp/hard\libc_nano.a(libc_a-reent.o)
                0x0000000008108788                _reclaim_reent
 .text.__errno  0x0000000008108834        0xc C:/ST/STM32CubeIDE_1.14.1/STM32CubeIDE/plugins/com.st.stm32cube.ide.mcu.externaltools.gnu-tools-for-stm32.11.3.rel1.win32_1.1.100.202309141235/tools/bin/../lib/gcc/arm-none-eabi/11.3.1/../../../../arm-none-eabi/lib/thumb/v7e-m+fp/hard\libc_nano.a(libc_a-errno.o)
                0x0000000008108834                __errno
 .text.__libc_init_array
                0x0000000008108840       0x48 C:/ST/STM32CubeIDE_1.14.1/STM32CubeIDE/plugins/com.st.stm32cube.ide.mcu.externaltools.gnu-tools-for-stm32.11.3.rel1.win32_1.1.100.202309141235/tools/bin/../lib/gcc/arm-none-eabi/11.3.1/../../../../arm-none-eabi/lib/thumb/v7e-m+fp/hard\libc_nano.a(libc_a-init.o)
                0x0000000008108840                __libc_init_array
 .text.memcpy   0x0000000008108888       0x1c C:/ST/STM32CubeIDE_1.14.1/STM32CubeIDE/plugins/com.st.stm32cube.ide.mcu.externaltools.gnu-tools-for-stm32.11.3.rel1.win32_1.1.100.202309141235/tools/bin/../lib/gcc/arm-none-eabi/11.3.1/../../../../arm-none-eabi/lib/thumb/v7e-m+fp/hard\libc_nano.a(libc_a-memcpy-stub.o)
                0x0000000008108888                memcpy
 .text._free_r  0x00000000081088a4       0x98 C:/ST/STM32CubeIDE_1.14.1/STM32CubeIDE/plugins/com.st.stm32cube.ide.mcu.externaltools.gnu-tools-for-stm32.11.3.rel1.win32_1.1.100.202309141235/tools/bin/../lib/gcc/arm-none-eabi/11.3.1/../../../../arm-none-eabi/lib/thumb/v7e-m+fp/hard\libc_nano.a(libc_a-freer.o)
                0x00000000081088a4                _free_r
 .text.hypotf   0x000000000810893c       0x4c C:/ST/STM32CubeIDE_1.14.1/STM32CubeIDE/plugins/com.st.stm32cube.ide.mcu.externaltools.gnu-tools-for-stm32.11.3.rel1.win32_1.1.100.202309141235/tools/bin/../lib/gcc/arm-none-eabi/11.3.1/../../../../arm-none-eabi/lib/thumb/v7e-m+fp/hard\libm.a(libm_a-wf_hypot.o)
                0x000000000810893c                hypotf
 .text.log10f   0x0000000008108988       0x5c C:/ST/STM32CubeIDE_1.14.1/STM32CubeIDE/plugins/com.st.stm32cube.ide.mcu.externaltools.gnu-tools-for-stm32.11.3.rel1.win32_1.1.100.202309141235/tools/bin/../lib/gcc/arm-none-eabi/11.3.1/../../../../arm-none-eabi/lib/thumb/v7e-m+fp/hard\libm.a(libm_a-wf_log10.o)
                0x0000000008108988                log10f
 .text.cosf     0x00000000081089e4       0x88 C:/ST/STM32CubeIDE_1.14.1/STM32CubeIDE/plugins/com.st.stm32cube.ide.mcu.externaltools.gnu-tools-for-stm32.11.3.rel1.win32_1.1.100.202309141235/tools/bin/../lib/gcc/arm-none-eabi/11.3.1/../../../../arm-none-eabi/lib/thumb/v7e-m+fp/hard\libm.a(libm_a-sf_cos.o)
                0x00000000081089e4                cosf
 .text.sinf     0x0000000008108a6c       0x8c C:/ST/STM32CubeIDE_1.14.1/STM32CubeIDE/plugins/com.st.stm32cube.ide.mcu.externaltools.gnu-tools-for-stm32.11.3.rel1.win32_1.1.100.202309141235/tools/bin/../lib/gcc/arm-none-eabi/11.3.1/../../../../arm-none-eabi/lib/thumb/v7e-m+fp/hard\libm.a(libm_a-sf_sin.o)
                0x0000000008108a6c                sinf
 .text.finitef  0x0000000008108af8       0x1a C:/ST/STM32CubeIDE_1.14.1/STM32CubeIDE/plugins/com.st.stm32cube.ide.mcu.externaltools.gnu-tools-for-stm32.11.3.rel1.win32_1.1.100.202309141235/tools/bin/../lib/gcc/arm-none-eabi/11.3.1/../../../../arm-none-eabi/lib/thumb/v7e-m+fp/hard\libm.a(libm_a-sf_finite.o)
                0x0000000008108af8                finitef
 *fill*         0x0000000008108b12        0x2 
 .text.nanf     0x0000000008108b14        0xc C:/ST/STM32CubeIDE_1.14.1/STM32CubeIDE/plugins/com.st.stm32cube.ide.mcu.externaltools.gnu-tools-for-stm32.11.3.rel1.win32_1.1.100.202309141235/tools/bin/../lib/gcc/arm-none-eabi/11.3.1/../../../../arm-none-eabi/lib/thumb/v7e-m+fp/hard\libm.a(libm_a-sf_nan.o)
                0x0000000008108b14                nanf
 .text.pow10f   0x0000000008108b20        0xc C:/ST/STM32CubeIDE_1.14.1/STM32CubeIDE/plugins/com.st.stm32cube.ide.mcu.externaltools.gnu-tools-for-stm32.11.3.rel1.win32_1.1.100.202309141235/tools/bin/../lib/gcc/arm-none-eabi/11.3.1/../../../../arm-none-eabi/lib/thumb/v7e-m+fp/hard\libm.a(libm_a-sf_pow10.o)
                0x0000000008108b20                pow10f
 .text.__kernel_cosf
                0x0000000008108b2c       0xbc C:/ST/STM32CubeIDE_1.14.1/STM32CubeIDE/plugins/com.st.stm32cube.ide.mcu.externaltools.gnu-tools-for-stm32.11.3.rel1.win32_1.1.100.202309141235/tools/bin/../lib/gcc/arm-none-eabi/11.3.1/../../../../arm-none-eabi/lib/thumb/v7e-m+fp/hard\libm.a(libm_a-kf_cos.o)
                0x0000000008108b2c                __kernel_cosf
 .text.__kernel_sinf
                0x0000000008108be8       0x90 C:/ST/STM32CubeIDE_1.14.1/STM32CubeIDE/plugins/com.st.stm32cube.ide.mcu.externaltools.gnu-tools-for-stm32.11.3.rel1.win32_1.1.100.202309141235/tools/bin/../lib/gcc/arm-none-eabi/11.3.1/../../../../arm-none-eabi/lib/thumb/v7e-m+fp/hard\libm.a(libm_a-kf_sin.o)
                0x0000000008108be8                __kernel_sinf
 .text.__ieee754_hypotf
                0x0000000008108c78      0x128 C:/ST/STM32CubeIDE_1.14.1/STM32CubeIDE/plugins/com.st.stm32cube.ide.mcu.externaltools.gnu-tools-for-stm32.11.3.rel1.win32_1.1.100.202309141235/tools/bin/../lib/gcc/arm-none-eabi/11.3.1/../../../../arm-none-eabi/lib/thumb/v7e-m+fp/hard\libm.a(libm_a-ef_hypot.o)
                0x0000000008108c78                __ieee754_hypotf
 .text.__ieee754_log10f
                0x0000000008108da0       0xb0 C:/ST/STM32CubeIDE_1.14.1/STM32CubeIDE/plugins/com.st.stm32cube.ide.mcu.externaltools.gnu-tools-for-stm32.11.3.rel1.win32_1.1.100.202309141235/tools/bin/../lib/gcc/arm-none-eabi/11.3.1/../../../../arm-none-eabi/lib/thumb/v7e-m+fp/hard\libm.a(libm_a-ef_log10.o)
                0x0000000008108da0                __ieee754_log10f
 .text.__ieee754_rem_pio2f
                0x0000000008108e50      0x258 C:/ST/STM32CubeIDE_1.14.1/STM32CubeIDE/plugins/com.st.stm32cube.ide.mcu.externaltools.gnu-tools-for-stm32.11.3.rel1.win32_1.1.100.202309141235/tools/bin/../lib/gcc/arm-none-eabi/11.3.1/../../../../arm-none-eabi/lib/thumb/v7e-m+fp/hard\libm.a(libm_a-ef_rem_pio2.o)
                0x0000000008108e50                __ieee754_rem_pio2f
 .text.powf     0x00000000081090a8       0xae C:/ST/STM32CubeIDE_1.14.1/STM32CubeIDE/plugins/com.st.stm32cube.ide.mcu.externaltools.gnu-tools-for-stm32.11.3.rel1.win32_1.1.100.202309141235/tools/bin/../lib/gcc/arm-none-eabi/11.3.1/../../../../arm-none-eabi/lib/thumb/v7e-m+fp/hard\libm.a(libm_a-wf_pow.o)
                0x00000000081090a8                powf
 .text.fabsf    0x0000000008109156        0xe C:/ST/STM32CubeIDE_1.14.1/STM32CubeIDE/plugins/com.st.stm32cube.ide.mcu.externaltools.gnu-tools-for-stm32.11.3.rel1.win32_1.1.100.202309141235/tools/bin/../lib/gcc/arm-none-eabi/11.3.1/../../../../arm-none-eabi/lib/thumb/v7e-m+fp/hard\libm.a(libm_a-sf_fabs.o)
                0x0000000008109156                fabsf
 .text.__ieee754_sqrtf
                0x0000000008109164        0x6 C:/ST/STM32CubeIDE_1.14.1/STM32CubeIDE/plugins/com.st.stm32cube.ide.mcu.externaltools.gnu-tools-for-stm32.11.3.rel1.win32_1.1.100.202309141235/tools/bin/../lib/gcc/arm-none-eabi/11.3.1/../../../../arm-none-eabi/lib/thumb/v7e-m+fp/hard\libm.a(libm_a-ef_sqrt.o)
                0x0000000008109164                __ieee754_sqrtf
 *fill*         0x000000000810916a        0x2 
 .text.__kernel_rem_pio2f
                0x000000000810916c      0x4e4 C:/ST/STM32CubeIDE_1.14.1/STM32CubeIDE/plugins/com.st.stm32cube.ide.mcu.externaltools.gnu-tools-for-stm32.11.3.rel1.win32_1.1.100.202309141235/tools/bin/../lib/gcc/arm-none-eabi/11.3.1/../../../../arm-none-eabi/lib/thumb/v7e-m+fp/hard\libm.a(libm_a-kf_rem_pio2.o)
                0x000000000810916c                __kernel_rem_pio2f
 .text.__ieee754_logf
                0x0000000008109650      0x1e4 C:/ST/STM32CubeIDE_1.14.1/STM32CubeIDE/plugins/com.st.stm32cube.ide.mcu.externaltools.gnu-tools-for-stm32.11.3.rel1.win32_1.1.100.202309141235/tools/bin/../lib/gcc/arm-none-eabi/11.3.1/../../../../arm-none-eabi/lib/thumb/v7e-m+fp/hard\libm.a(libm_a-ef_log.o)
                0x0000000008109650                __ieee754_logf
 .text.__ieee754_powf
                0x0000000008109834      0x594 C:/ST/STM32CubeIDE_1.14.1/STM32CubeIDE/plugins/com.st.stm32cube.ide.mcu.externaltools.gnu-tools-for-stm32.11.3.rel1.win32_1.1.100.202309141235/tools/bin/../lib/gcc/arm-none-eabi/11.3.1/../../../../arm-none-eabi/lib/thumb/v7e-m+fp/hard\libm.a(libm_a-ef_pow.o)
                0x0000000008109834                __ieee754_powf
 .text.scalbnf  0x0000000008109dc8       0xcc C:/ST/STM32CubeIDE_1.14.1/STM32CubeIDE/plugins/com.st.stm32cube.ide.mcu.externaltools.gnu-tools-for-stm32.11.3.rel1.win32_1.1.100.202309141235/tools/bin/../lib/gcc/arm-none-eabi/11.3.1/../../../../arm-none-eabi/lib/thumb/v7e-m+fp/hard\libm.a(libm_a-sf_scalbn.o)
                0x0000000008109dc8                scalbnf
 .text.with_errnof
                0x0000000008109e94       0x16 C:/ST/STM32CubeIDE_1.14.1/STM32CubeIDE/plugins/com.st.stm32cube.ide.mcu.externaltools.gnu-tools-for-stm32.11.3.rel1.win32_1.1.100.202309141235/tools/bin/../lib/gcc/arm-none-eabi/11.3.1/../../../../arm-none-eabi/lib/thumb/v7e-m+fp/hard\libm.a(libm_a-math_errf.o)
 .text.xflowf   0x0000000008109eaa       0x16 C:/ST/STM32CubeIDE_1.14.1/STM32CubeIDE/plugins/com.st.stm32cube.ide.mcu.externaltools.gnu-tools-for-stm32.11.3.rel1.win32_1.1.100.202309141235/tools/bin/../lib/gcc/arm-none-eabi/11.3.1/../../../../arm-none-eabi/lib/thumb/v7e-m+fp/hard\libm.a(libm_a-math_errf.o)
 .text.__math_uflowf
                0x0000000008109ec0        0xc C:/ST/STM32CubeIDE_1.14.1/STM32CubeIDE/plugins/com.st.stm32cube.ide.mcu.externaltools.gnu-tools-for-stm32.11.3.rel1.win32_1.1.100.202309141235/tools/bin/../lib/gcc/arm-none-eabi/11.3.1/../../../../arm-none-eabi/lib/thumb/v7e-m+fp/hard\libm.a(libm_a-math_errf.o)
                0x0000000008109ec0                __math_uflowf
 .text.__math_oflowf
                0x0000000008109ecc        0xc C:/ST/STM32CubeIDE_1.14.1/STM32CubeIDE/plugins/com.st.stm32cube.ide.mcu.externaltools.gnu-tools-for-stm32.11.3.rel1.win32_1.1.100.202309141235/tools/bin/../lib/gcc/arm-none-eabi/11.3.1/../../../../arm-none-eabi/lib/thumb/v7e-m+fp/hard\libm.a(libm_a-math_errf.o)
                0x0000000008109ecc                __math_oflowf
 .text.floorf   0x0000000008109ed8       0x84 C:/ST/STM32CubeIDE_1.14.1/STM32CubeIDE/plugins/com.st.stm32cube.ide.mcu.externaltools.gnu-tools-for-stm32.11.3.rel1.win32_1.1.100.202309141235/tools/bin/../lib/gcc/arm-none-eabi/11.3.1/../../../../arm-none-eabi/lib/thumb/v7e-m+fp/hard\libm.a(libm_a-sf_floor.o)
                0x0000000008109ed8                floorf
 *(.glue_7)
 .glue_7        0x0000000008109f5c        0x0 linker stubs
 *(.glue_7t)
 .glue_7t       0x0000000008109f5c        0x0 linker stubs
 *(.eh_frame)
 .eh_frame      0x0000000008109f5c        0x0 C:/ST/STM32CubeIDE_1.14.1/STM32CubeIDE/plugins/com.st.stm32cube.ide.mcu.externaltools.gnu-tools-for-stm32.11.3.rel1.win32_1.1.100.202309141235/tools/bin/../lib/gcc/arm-none-eabi/11.3.1/thumb/v7e-m+fp/hard/crtbegin.o
 *(.init)
 .init          0x0000000008109f5c        0x4 C:/ST/STM32CubeIDE_1.14.1/STM32CubeIDE/plugins/com.st.stm32cube.ide.mcu.externaltools.gnu-tools-for-stm32.11.3.rel1.win32_1.1.100.202309141235/tools/bin/../lib/gcc/arm-none-eabi/11.3.1/thumb/v7e-m+fp/hard/crti.o
                0x0000000008109f5c                _init
 .init          0x0000000008109f60        0x8 C:/ST/STM32CubeIDE_1.14.1/STM32CubeIDE/plugins/com.st.stm32cube.ide.mcu.externaltools.gnu-tools-for-stm32.11.3.rel1.win32_1.1.100.202309141235/tools/bin/../lib/gcc/arm-none-eabi/11.3.1/thumb/v7e-m+fp/hard/crtn.o
 *(.fini)
 .fini          0x0000000008109f68        0x4 C:/ST/STM32CubeIDE_1.14.1/STM32CubeIDE/plugins/com.st.stm32cube.ide.mcu.externaltools.gnu-tools-for-stm32.11.3.rel1.win32_1.1.100.202309141235/tools/bin/../lib/gcc/arm-none-eabi/11.3.1/thumb/v7e-m+fp/hard/crti.o
                0x0000000008109f68                _fini
 .fini          0x0000000008109f6c        0x8 C:/ST/STM32CubeIDE_1.14.1/STM32CubeIDE/plugins/com.st.stm32cube.ide.mcu.externaltools.gnu-tools-for-stm32.11.3.rel1.win32_1.1.100.202309141235/tools/bin/../lib/gcc/arm-none-eabi/11.3.1/thumb/v7e-m+fp/hard/crtn.o
                0x0000000008109f74                . = ALIGN (0x4)
                0x0000000008109f74                _etext = .

.vfp11_veneer   0x0000000008109f74        0x0
 .vfp11_veneer  0x0000000008109f74        0x0 linker stubs

.v4_bx          0x0000000008109f74        0x0
 .v4_bx         0x0000000008109f74        0x0 linker stubs

.iplt           0x0000000008109f74        0x0
 .iplt          0x0000000008109f74        0x0 C:/ST/STM32CubeIDE_1.14.1/STM32CubeIDE/plugins/com.st.stm32cube.ide.mcu.externaltools.gnu-tools-for-stm32.11.3.rel1.win32_1.1.100.202309141235/tools/bin/../lib/gcc/arm-none-eabi/11.3.1/thumb/v7e-m+fp/hard/crtbegin.o

.rodata         0x0000000008109f74      0x730
                0x0000000008109f74                . = ALIGN (0x4)
 *(.rodata)
 .rodata        0x0000000008109f74       0x48 Common\Src\LCD_VT100.o
 .rodata        0x0000000008109fbc       0x1c Core\Src\freertos.o
 *(.rodata*)
 .rodata._ifractoa.str1.4
                0x0000000008109fd8        0x7 Common\Src\LCD_VT100.o
 *fill*         0x0000000008109fdf        0x1 
 .rodata.lcdputc_vt.str1.4
                0x0000000008109fe0        0x8 Common\Src\LCD_VT100.o
 .rodata.lcdclrscr.str1.4
                0x0000000008109fe8        0x5 Common\Src\LCD_VT100.o
 *fill*         0x0000000008109fed        0x3 
 .rodata.lcdinit.str1.4
                0x0000000008109ff0       0x1f Common\Src\LCD_VT100.o
 *fill*         0x000000000810a00f        0x1 
 .rodata.HEX    0x000000000810a010       0x11 Common\Src\LCD_VT100.o
 *fill*         0x000000000810a021        0x3 
 .rodata.FromLidarToRobot
                0x000000000810a024        0x4 Common\Src\SharedMemory.o
                0x000000000810a024                FromLidarToRobot
 .rodata.FromRobotToLidar
                0x000000000810a028        0x4 Common\Src\SharedMemory.o
                0x000000000810a028                FromRobotToLidar
 .rodata.D1CorePrescTable
                0x000000000810a02c       0x10 Common\Src\system_stm32h7xx_dualcore_boot_cm4_cm7.o
                0x000000000810a02c                D1CorePrescTable
 .rodata.AffRep.str1.4
                0x000000000810a03c        0xe Core\Src\MySrc\Lidar.o
                                         0x12 (size before relaxing)
 *fill*         0x000000000810a04a        0x2 
 .rodata.Robot.str1.4
                0x000000000810a04c       0x17 Core\Src\MySrc\Lidar.o
 *fill*         0x000000000810a063        0x1 
 .rodata.RT_LidarTrt.str1.4
                0x000000000810a064       0xe6 Core\Src\MySrc\Lidar.o
 *fill*         0x000000000810a14a        0x2 
 .rodata.tr.10  0x000000000810a14c        0x2 Core\Src\MySrc\Lidar.o
 *fill*         0x000000000810a14e        0x2 
 .rodata.tr.3   0x000000000810a150        0x9 Core\Src\MySrc\Lidar.o
 *fill*         0x000000000810a159        0x3 
 .rodata.tr.5   0x000000000810a15c        0x2 Core\Src\MySrc\Lidar.o
 *fill*         0x000000000810a15e        0x2 
 .rodata.tr.6   0x000000000810a160        0x2 Core\Src\MySrc\Lidar.o
 *fill*         0x000000000810a162        0x2 
 .rodata.tr.8   0x000000000810a164        0x2 Core\Src\MySrc\Lidar.o
 *fill*         0x000000000810a166        0x2 
 .rodata.MX_FREERTOS_Init.str1.4
                0x000000000810a168       0x18 Core\Src\freertos.o
 .rodata.str1.4
                0x000000000810a180        0xc Core\Src\freertos.o
 .rodata.UARTPrescTable
                0x000000000810a18c       0x18 Drivers\STM32H7xx_HAL_Driver\Src\stm32h7xx_hal_uart.o
                0x000000000810a18c                UARTPrescTable
 .rodata.denominator.0
                0x000000000810a1a4        0x8 Drivers\STM32H7xx_HAL_Driver\Src\stm32h7xx_hal_uart_ex.o
 .rodata.numerator.1
                0x000000000810a1ac        0x8 Drivers\STM32H7xx_HAL_Driver\Src\stm32h7xx_hal_uart_ex.o
 .rodata.vTaskStartScheduler.str1.4
                0x000000000810a1b4        0x5 Middlewares\Third_Party\FreeRTOS\Source\tasks.o
 .rodata._ctype_
                0x000000000810a1b9      0x101 C:/ST/STM32CubeIDE_1.14.1/STM32CubeIDE/plugins/com.st.stm32cube.ide.mcu.externaltools.gnu-tools-for-stm32.11.3.rel1.win32_1.1.100.202309141235/tools/bin/../lib/gcc/arm-none-eabi/11.3.1/../../../../arm-none-eabi/lib/thumb/v7e-m+fp/hard\libc_nano.a(libc_a-ctype_.o)
                0x000000000810a1b9                _ctype_
 .rodata.log10f.str1.1
                0x000000000810a2ba        0x1 C:/ST/STM32CubeIDE_1.14.1/STM32CubeIDE/plugins/com.st.stm32cube.ide.mcu.externaltools.gnu-tools-for-stm32.11.3.rel1.win32_1.1.100.202309141235/tools/bin/../lib/gcc/arm-none-eabi/11.3.1/../../../../arm-none-eabi/lib/thumb/v7e-m+fp/hard\libm.a(libm_a-wf_log10.o)
 *fill*         0x000000000810a2bb        0x1 
 .rodata.npio2_hw
                0x000000000810a2bc       0x80 C:/ST/STM32CubeIDE_1.14.1/STM32CubeIDE/plugins/com.st.stm32cube.ide.mcu.externaltools.gnu-tools-for-stm32.11.3.rel1.win32_1.1.100.202309141235/tools/bin/../lib/gcc/arm-none-eabi/11.3.1/../../../../arm-none-eabi/lib/thumb/v7e-m+fp/hard\libm.a(libm_a-ef_rem_pio2.o)
 .rodata.two_over_pi
                0x000000000810a33c      0x318 C:/ST/STM32CubeIDE_1.14.1/STM32CubeIDE/plugins/com.st.stm32cube.ide.mcu.externaltools.gnu-tools-for-stm32.11.3.rel1.win32_1.1.100.202309141235/tools/bin/../lib/gcc/arm-none-eabi/11.3.1/../../../../arm-none-eabi/lib/thumb/v7e-m+fp/hard\libm.a(libm_a-ef_rem_pio2.o)
 .rodata.PIo2   0x000000000810a654       0x2c C:/ST/STM32CubeIDE_1.14.1/STM32CubeIDE/plugins/com.st.stm32cube.ide.mcu.externaltools.gnu-tools-for-stm32.11.3.rel1.win32_1.1.100.202309141235/tools/bin/../lib/gcc/arm-none-eabi/11.3.1/../../../../arm-none-eabi/lib/thumb/v7e-m+fp/hard\libm.a(libm_a-kf_rem_pio2.o)
 .rodata.init_jk
                0x000000000810a680        0xc C:/ST/STM32CubeIDE_1.14.1/STM32CubeIDE/plugins/com.st.stm32cube.ide.mcu.externaltools.gnu-tools-for-stm32.11.3.rel1.win32_1.1.100.202309141235/tools/bin/../lib/gcc/arm-none-eabi/11.3.1/../../../../arm-none-eabi/lib/thumb/v7e-m+fp/hard\libm.a(libm_a-kf_rem_pio2.o)
 .rodata.bp     0x000000000810a68c        0x8 C:/ST/STM32CubeIDE_1.14.1/STM32CubeIDE/plugins/com.st.stm32cube.ide.mcu.externaltools.gnu-tools-for-stm32.11.3.rel1.win32_1.1.100.202309141235/tools/bin/../lib/gcc/arm-none-eabi/11.3.1/../../../../arm-none-eabi/lib/thumb/v7e-m+fp/hard\libm.a(libm_a-ef_pow.o)
 .rodata.dp_h   0x000000000810a694        0x8 C:/ST/STM32CubeIDE_1.14.1/STM32CubeIDE/plugins/com.st.stm32cube.ide.mcu.externaltools.gnu-tools-for-stm32.11.3.rel1.win32_1.1.100.202309141235/tools/bin/../lib/gcc/arm-none-eabi/11.3.1/../../../../arm-none-eabi/lib/thumb/v7e-m+fp/hard\libm.a(libm_a-ef_pow.o)
 .rodata.dp_l   0x000000000810a69c        0x8 C:/ST/STM32CubeIDE_1.14.1/STM32CubeIDE/plugins/com.st.stm32cube.ide.mcu.externaltools.gnu-tools-for-stm32.11.3.rel1.win32_1.1.100.202309141235/tools/bin/../lib/gcc/arm-none-eabi/11.3.1/../../../../arm-none-eabi/lib/thumb/v7e-m+fp/hard\libm.a(libm_a-ef_pow.o)
                0x000000000810a6a4                . = ALIGN (0x4)

.ARM.extab
 *(.ARM.extab* .gnu.linkonce.armextab.*)

.ARM            0x000000000810a6a4        0x8
                0x000000000810a6a4                __exidx_start = .
 *(.ARM.exidx*)
 .ARM.exidx     0x000000000810a6a4        0x8 C:/ST/STM32CubeIDE_1.14.1/STM32CubeIDE/plugins/com.st.stm32cube.ide.mcu.externaltools.gnu-tools-for-stm32.11.3.rel1.win32_1.1.100.202309141235/tools/bin/../lib/gcc/arm-none-eabi/11.3.1/thumb/v7e-m+fp/hard\libgcc.a(_udivmoddi4.o)
                0x000000000810a6ac                __exidx_end = .

.rel.dyn        0x000000000810a6ac        0x0
 .rel.iplt      0x000000000810a6ac        0x0 C:/ST/STM32CubeIDE_1.14.1/STM32CubeIDE/plugins/com.st.stm32cube.ide.mcu.externaltools.gnu-tools-for-stm32.11.3.rel1.win32_1.1.100.202309141235/tools/bin/../lib/gcc/arm-none-eabi/11.3.1/thumb/v7e-m+fp/hard/crtbegin.o

.preinit_array  0x000000000810a6ac        0x0
                0x000000000810a6ac                PROVIDE (__preinit_array_start = .)
 *(.preinit_array*)
                0x000000000810a6ac                PROVIDE (__preinit_array_end = .)

.init_array     0x000000000810a6ac        0x4
                0x000000000810a6ac                PROVIDE (__init_array_start = .)
 *(SORT_BY_NAME(.init_array.*))
 *(.init_array*)
 .init_array    0x000000000810a6ac        0x4 C:/ST/STM32CubeIDE_1.14.1/STM32CubeIDE/plugins/com.st.stm32cube.ide.mcu.externaltools.gnu-tools-for-stm32.11.3.rel1.win32_1.1.100.202309141235/tools/bin/../lib/gcc/arm-none-eabi/11.3.1/thumb/v7e-m+fp/hard/crtbegin.o
                0x000000000810a6b0                PROVIDE (__init_array_end = .)

.fini_array     0x000000000810a6b0        0x4
                [!provide]                        PROVIDE (__fini_array_start = .)
 *(SORT_BY_NAME(.fini_array.*))
 *(.fini_array*)
 .fini_array    0x000000000810a6b0        0x4 C:/ST/STM32CubeIDE_1.14.1/STM32CubeIDE/plugins/com.st.stm32cube.ide.mcu.externaltools.gnu-tools-for-stm32.11.3.rel1.win32_1.1.100.202309141235/tools/bin/../lib/gcc/arm-none-eabi/11.3.1/thumb/v7e-m+fp/hard/crtbegin.o
                [!provide]                        PROVIDE (__fini_array_end = .)
                0x000000000810a6b4                _sidata = LOADADDR (.data)

.data           0x0000000010000000     0x8f60 load address 0x000000000810a6b4
                0x0000000010000000                . = ALIGN (0x4)
                0x0000000010000000                _sdata = .
 *(.data)
 *(.data*)
 .data.Col      0x0000000010000000        0x4 Common\Src\LCD_VT100.o
 .data.LCD_FLAGS
                0x0000000010000004        0x4 Common\Src\LCD_VT100.o
 .data.Lig      0x0000000010000008        0x4 Common\Src\LCD_VT100.o
 .data.NBCOL    0x000000001000000c        0x1 Common\Src\LCD_VT100.o
 .data.NBLIG    0x000000001000000d        0x1 Common\Src\LCD_VT100.o
 .data.PREC     0x000000001000000e        0x1 Common\Src\LCD_VT100.o
 *fill*         0x000000001000000f        0x1 
 .data.SystemCoreClock
                0x0000000010000010        0x4 Common\Src\system_stm32h7xx_dualcore_boot_cm4_cm7.o
                0x0000000010000010                SystemCoreClock
 .data.SystemD2Clock
                0x0000000010000014        0x4 Common\Src\system_stm32h7xx_dualcore_boot_cm4_cm7.o
                0x0000000010000014                SystemD2Clock
 .data.FIFODist
                0x0000000010000018     0x8708 Core\Src\MySrc\Lidar.o
 .data.FIFONode
                0x0000000010008720      0x7d8 Core\Src\MySrc\Lidar.o
 .data.PCNode   0x0000000010008ef8        0x4 Core\Src\MySrc\Lidar.o
 .data.RBT_TIME
                0x0000000010008efc        0x2 Core\Src\MySrc\TempsMs.o
                0x0000000010008efc                RBT_TIME
 *fill*         0x0000000010008efe        0x2 
 .data.cts.0    0x0000000010008f00        0x4 Core\Src\MySrc\TempsMs.o
 .data.uwTickFreq
                0x0000000010008f04        0x1 Drivers\STM32H7xx_HAL_Driver\Src\stm32h7xx_hal.o
                0x0000000010008f04                uwTickFreq
 *fill*         0x0000000010008f05        0x3 
 .data.uwTickPrio
                0x0000000010008f08        0x4 Drivers\STM32H7xx_HAL_Driver\Src\stm32h7xx_hal.o
                0x0000000010008f08                uwTickPrio
 .data.uxCriticalNesting
                0x0000000010008f0c        0x4 Middlewares\Third_Party\FreeRTOS\Source\portable\GCC\ARM_CM4F\port.o
 .data._impure_data
                0x0000000010008f10       0x4c C:/ST/STM32CubeIDE_1.14.1/STM32CubeIDE/plugins/com.st.stm32cube.ide.mcu.externaltools.gnu-tools-for-stm32.11.3.rel1.win32_1.1.100.202309141235/tools/bin/../lib/gcc/arm-none-eabi/11.3.1/../../../../arm-none-eabi/lib/thumb/v7e-m+fp/hard\libc_nano.a(libc_a-impure.o)
                0x0000000010008f10                _impure_data
 .data._impure_ptr
                0x0000000010008f5c        0x4 C:/ST/STM32CubeIDE_1.14.1/STM32CubeIDE/plugins/com.st.stm32cube.ide.mcu.externaltools.gnu-tools-for-stm32.11.3.rel1.win32_1.1.100.202309141235/tools/bin/../lib/gcc/arm-none-eabi/11.3.1/../../../../arm-none-eabi/lib/thumb/v7e-m+fp/hard\libc_nano.a(libc_a-impure.o)
                0x0000000010008f5c                _impure_ptr
                0x0000000010008f60                . = ALIGN (0x4)
                0x0000000010008f60                _edata = .

.igot.plt       0x0000000010008f60        0x0 load address 0x0000000008113614
 .igot.plt      0x0000000010008f60        0x0 C:/ST/STM32CubeIDE_1.14.1/STM32CubeIDE/plugins/com.st.stm32cube.ide.mcu.externaltools.gnu-tools-for-stm32.11.3.rel1.win32_1.1.100.202309141235/tools/bin/../lib/gcc/arm-none-eabi/11.3.1/thumb/v7e-m+fp/hard/crtbegin.o
                0x0000000010008f60                . = ALIGN (0x4)

.bss            0x0000000010008f60     0x3e9c load address 0x0000000008113614
                0x0000000010008f60                _sbss = .
                0x0000000010008f60                __bss_start__ = _sbss
 *(.bss)
 .bss           0x0000000010008f60       0x1c C:/ST/STM32CubeIDE_1.14.1/STM32CubeIDE/plugins/com.st.stm32cube.ide.mcu.externaltools.gnu-tools-for-stm32.11.3.rel1.win32_1.1.100.202309141235/tools/bin/../lib/gcc/arm-none-eabi/11.3.1/thumb/v7e-m+fp/hard/crtbegin.o
 *(.bss*)
 .bss.Femiss    0x0000000010008f7c        0x4 Common\Src\LCD_VT100.o
 .bss.IS_RUNNING
                0x0000000010008f80        0x2 Common\Src\LCD_VT100.o
 .bss.NBPILE    0x0000000010008f82        0x1 Common\Src\LCD_VT100.o
 .bss.RECEPT    0x0000000010008f83        0x1 Common\Src\LCD_VT100.o
 .bss.RFIFO     0x0000000010008f84       0xd0 Common\Src\LCD_VT100.o
 .bss.SFIFO     0x0000000010009054      0x198 Common\Src\LCD_VT100.o
 .bss._s        0x00000000100091ec       0x40 Common\Src\LCD_VT100.o
 .bss.buf.3     0x000000001000922c       0x14 Common\Src\LCD_VT100.o
 .bss.hTaskAllowed
                0x0000000010009240        0x4 Common\Src\LCD_VT100.o
 .bss.m.1       0x0000000010009244        0x2 Common\Src\LCD_VT100.o
 .bss.x.2       0x0000000010009246        0x1 Common\Src\LCD_VT100.o
 .bss.x.4       0x0000000010009247        0x1 Common\Src\LCD_VT100.o
 .bss.CNODE1    0x0000000010009248       0x54 Core\Src\MySrc\Lidar.o
 .bss.CNODE2    0x000000001000929c       0x54 Core\Src\MySrc\Lidar.o
 .bss.COSTH     0x00000000100092f0        0x4 Core\Src\MySrc\Lidar.o
                0x00000000100092f0                COSTH
 .bss.DTTR      0x00000000100092f4       0xc8 Core\Src\MySrc\Lidar.o
 .bss.DT_TOUR   0x00000000100093bc        0x4 Core\Src\MySrc\Lidar.o
 .bss.DT_TOURM  0x00000000100093c0        0x4 Core\Src\MySrc\Lidar.o
 .bss.ERR_TX    0x00000000100093c4        0x2 Core\Src\MySrc\Lidar.o
 *fill*         0x00000000100093c6        0x2 
 .bss.ErrFull   0x00000000100093c8        0x4 Core\Src\MySrc\Lidar.o
 .bss.ErrFull2  0x00000000100093cc        0x4 Core\Src\MySrc\Lidar.o
 .bss.LidarReceiveComplete
                0x00000000100093d0        0x4 Core\Src\MySrc\Lidar.o
 .bss.LidarTransmitComplete
                0x00000000100093d4        0x4 Core\Src\MySrc\Lidar.o
 .bss.ModeRx1   0x00000000100093d8        0x4 Core\Src\MySrc\Lidar.o
 .bss.NBDTTR    0x00000000100093dc        0x4 Core\Src\MySrc\Lidar.o
 .bss.NBERR     0x00000000100093e0        0x4 Core\Src\MySrc\Lidar.o
                0x00000000100093e0                NBERR
 .bss.NBERR_TX  0x00000000100093e4        0x2 Core\Src\MySrc\Lidar.o
 *fill*         0x00000000100093e6        0x2 
 .bss.NB_TOUR   0x00000000100093e8        0x4 Core\Src\MySrc\Lidar.o
 .bss.REP       0x00000000100093ec        0x7 Core\Src\MySrc\Lidar.o
 *fill*         0x00000000100093f3        0x1 
 .bss.SINTH     0x00000000100093f4        0x4 Core\Src\MySrc\Lidar.o
                0x00000000100093f4                SINTH
 .bss.STLDR     0x00000000100093f8        0x4 Core\Src\MySrc\Lidar.o
                0x00000000100093f8                STLDR
 .bss.SetModeRx1
                0x00000000100093fc        0x4 Core\Src\MySrc\Lidar.o
 .bss.THETArad  0x0000000010009400        0x4 Core\Src\MySrc\Lidar.o
                0x0000000010009400                THETArad
 .bss._cached_previous_capsuledata
                0x0000000010009404       0x54 Core\Src\MySrc\Lidar.o
 .bss._is_previous_capsuledataRdy
                0x0000000010009458        0x2 Core\Src\MySrc\Lidar.o
 .bss.ct.0      0x000000001000945a        0x1 Core\Src\MySrc\Lidar.o
 *fill*         0x000000001000945b        0x1 
 .bss.h.7       0x000000001000945c        0x3 Core\Src\MySrc\Lidar.o
 *fill*         0x000000001000945f        0x1 
 .bss.hRT_LidarAcq
                0x0000000010009460        0x4 Core\Src\MySrc\Lidar.o
                0x0000000010009460                hRT_LidarAcq
 .bss.hRT_LidarTrt
                0x0000000010009464        0x4 Core\Src\MySrc\Lidar.o
                0x0000000010009464                hRT_LidarTrt
 .bss.info.4    0x0000000010009468       0x14 Core\Src\MySrc\Lidar.o
 .bss.n.1       0x000000001000947c      0xe10 Core\Src\MySrc\Lidar.o
 .bss.tp.2      0x000000001000a28c        0x4 Core\Src\MySrc\Lidar.o
 .bss.MsFct1    0x000000001000a290        0x4 Core\Src\MySrc\TempsMs.o
                0x000000001000a290                MsFct1
 .bss.MsFct2    0x000000001000a294        0x4 Core\Src\MySrc\TempsMs.o
                0x000000001000a294                MsFct2
 .bss.T_DETECT  0x000000001000a298        0x2 Core\Src\MySrc\TempsMs.o
                0x000000001000a298                T_DETECT
 *fill*         0x000000001000a29a        0x2 
 .bss.defaultTaskBuffer
                0x000000001000a29c      0x200 Core\Src\freertos.o
                0x000000001000a29c                defaultTaskBuffer
 .bss.defaultTaskControlBlock
                0x000000001000a49c       0xa0 Core\Src\freertos.o
                0x000000001000a49c                defaultTaskControlBlock
 .bss.defaultTaskHandle
                0x000000001000a53c        0x4 Core\Src\freertos.o
                0x000000001000a53c                defaultTaskHandle
 .bss.xIdleStack
                0x000000001000a540      0x200 Core\Src\freertos.o
 .bss.xIdleTaskTCBBuffer
                0x000000001000a740       0xa0 Core\Src\freertos.o
 .bss.xRT_LidarAcqBuffer.2
                0x000000001000a7e0       0xa0 Core\Src\freertos.o
 .bss.xRT_LidarTrtBuffer.0
                0x000000001000a880       0xa0 Core\Src\freertos.o
 .bss.xStack_RT_LidarAcq.3
                0x000000001000a920     0x1000 Core\Src\freertos.o
 .bss.xStack_RT_LidarTrt.1
                0x000000001000b920     0x1000 Core\Src\freertos.o
 .bss.ct.0      0x000000001000c920        0x2 Core\Src\main.o
 .bss.ct2.1     0x000000001000c922        0x2 Core\Src\main.o
 .bss.htim15    0x000000001000c924       0x4c Core\Src\stm32h7xx_hal_timebase_tim.o
                0x000000001000c924                htim15
 .bss.htim12    0x000000001000c970       0x4c Core\Src\tim.o
                0x000000001000c970                htim12
 .bss.htim14    0x000000001000c9bc       0x4c Core\Src\tim.o
                0x000000001000c9bc                htim14
 .bss.htim5     0x000000001000ca08       0x4c Core\Src\tim.o
                0x000000001000ca08                htim5
 .bss.huart1    0x000000001000ca54       0x94 Core\Src\usart.o
                0x000000001000ca54                huart1
 .bss.huart7    0x000000001000cae8       0x94 Core\Src\usart.o
                0x000000001000cae8                huart7
 .bss.__lock___malloc_recursive_mutex
                0x000000001000cb7c        0xc Core\ThreadSafe\newlib_lock_glue.o
                0x000000001000cb7c                __lock___malloc_recursive_mutex
 .bss.uwTick    0x000000001000cb88        0x4 Drivers\STM32H7xx_HAL_Driver\Src\stm32h7xx_hal.o
                0x000000001000cb88                uwTick
 .bss.ucMaxSysCallPriority
                0x000000001000cb8c        0x1 Middlewares\Third_Party\FreeRTOS\Source\portable\GCC\ARM_CM4F\port.o
 *fill*         0x000000001000cb8d        0x3 
 .bss.ulMaxPRIGROUPValue
                0x000000001000cb90        0x4 Middlewares\Third_Party\FreeRTOS\Source\portable\GCC\ARM_CM4F\port.o
 .bss.pxCurrentTCB
                0x000000001000cb94        0x4 Middlewares\Third_Party\FreeRTOS\Source\tasks.o
                0x000000001000cb94                pxCurrentTCB
 .bss.pxDelayedTaskList
                0x000000001000cb98        0x4 Middlewares\Third_Party\FreeRTOS\Source\tasks.o
 .bss.pxOverflowDelayedTaskList
                0x000000001000cb9c        0x4 Middlewares\Third_Party\FreeRTOS\Source\tasks.o
 .bss.pxReadyTasksLists
                0x000000001000cba0       0x8c Middlewares\Third_Party\FreeRTOS\Source\tasks.o
 .bss.uxCurrentNumberOfTasks
                0x000000001000cc2c        0x4 Middlewares\Third_Party\FreeRTOS\Source\tasks.o
 .bss.uxDeletedTasksWaitingCleanUp
                0x000000001000cc30        0x4 Middlewares\Third_Party\FreeRTOS\Source\tasks.o
 .bss.uxSchedulerSuspended
                0x000000001000cc34        0x4 Middlewares\Third_Party\FreeRTOS\Source\tasks.o
 .bss.uxTaskNumber
                0x000000001000cc38        0x4 Middlewares\Third_Party\FreeRTOS\Source\tasks.o
 .bss.uxTopReadyPriority
                0x000000001000cc3c        0x4 Middlewares\Third_Party\FreeRTOS\Source\tasks.o
 .bss.xDelayedTaskList1
                0x000000001000cc40       0x14 Middlewares\Third_Party\FreeRTOS\Source\tasks.o
 .bss.xDelayedTaskList2
                0x000000001000cc54       0x14 Middlewares\Third_Party\FreeRTOS\Source\tasks.o
 .bss.xIdleTaskHandle
                0x000000001000cc68        0x4 Middlewares\Third_Party\FreeRTOS\Source\tasks.o
 .bss.xNextTaskUnblockTime
                0x000000001000cc6c        0x4 Middlewares\Third_Party\FreeRTOS\Source\tasks.o
 .bss.xNumOfOverflows
                0x000000001000cc70        0x4 Middlewares\Third_Party\FreeRTOS\Source\tasks.o
 .bss.xPendedTicks
                0x000000001000cc74        0x4 Middlewares\Third_Party\FreeRTOS\Source\tasks.o
 .bss.xPendingReadyList
                0x000000001000cc78       0x14 Middlewares\Third_Party\FreeRTOS\Source\tasks.o
 .bss.xSchedulerRunning
                0x000000001000cc8c        0x4 Middlewares\Third_Party\FreeRTOS\Source\tasks.o
 .bss.xSuspendedTaskList
                0x000000001000cc90       0x14 Middlewares\Third_Party\FreeRTOS\Source\tasks.o
 .bss.xTasksWaitingTermination
                0x000000001000cca4       0x14 Middlewares\Third_Party\FreeRTOS\Source\tasks.o
 .bss.xTickCount
                0x000000001000ccb8        0x4 Middlewares\Third_Party\FreeRTOS\Source\tasks.o
 .bss.xYieldPending
                0x000000001000ccbc        0x4 Middlewares\Third_Party\FreeRTOS\Source\tasks.o
 .bss.__malloc_free_list
                0x000000001000ccc0        0x4 C:/ST/STM32CubeIDE_1.14.1/STM32CubeIDE/plugins/com.st.stm32cube.ide.mcu.externaltools.gnu-tools-for-stm32.11.3.rel1.win32_1.1.100.202309141235/tools/bin/../lib/gcc/arm-none-eabi/11.3.1/../../../../arm-none-eabi/lib/thumb/v7e-m+fp/hard\libc_nano.a(libc_a-mallocr.o)
                0x000000001000ccc0                __malloc_free_list
 .bss.__sf      0x000000001000ccc4      0x138 C:/ST/STM32CubeIDE_1.14.1/STM32CubeIDE/plugins/com.st.stm32cube.ide.mcu.externaltools.gnu-tools-for-stm32.11.3.rel1.win32_1.1.100.202309141235/tools/bin/../lib/gcc/arm-none-eabi/11.3.1/../../../../arm-none-eabi/lib/thumb/v7e-m+fp/hard\libc_nano.a(libc_a-findfp.o)
                0x000000001000ccc4                __sf
 *(COMMON)
                0x000000001000cdfc                . = ALIGN (0x4)
                0x000000001000cdfc                _ebss = .
                0x000000001000cdfc                __bss_end__ = _ebss

._user_heap_stack
                0x000000001000cdfc      0xc04 load address 0x0000000008113614
                0x000000001000ce00                . = ALIGN (0x8)
 *fill*         0x000000001000cdfc        0x4 
                0x000000001000ce00                PROVIDE (end = .)
                [!provide]                        PROVIDE (_end = .)
                0x000000001000d200                . = (. + _Min_Heap_Size)
 *fill*         0x000000001000ce00      0x400 
                0x000000001000da00                . = (. + _Min_Stack_Size)
 *fill*         0x000000001000d200      0x800 
                0x000000001000da00                . = ALIGN (0x8)

/DISCARD/
 libc.a(*)
 libm.a(*)
 libgcc.a(*)

.ARM.attributes
                0x0000000000000000       0x30
 *(.ARM.attributes)
 .ARM.attributes
                0x0000000000000000       0x1e C:/ST/STM32CubeIDE_1.14.1/STM32CubeIDE/plugins/com.st.stm32cube.ide.mcu.externaltools.gnu-tools-for-stm32.11.3.rel1.win32_1.1.100.202309141235/tools/bin/../lib/gcc/arm-none-eabi/11.3.1/thumb/v7e-m+fp/hard/crti.o
 .ARM.attributes
                0x000000000000001e       0x34 C:/ST/STM32CubeIDE_1.14.1/STM32CubeIDE/plugins/com.st.stm32cube.ide.mcu.externaltools.gnu-tools-for-stm32.11.3.rel1.win32_1.1.100.202309141235/tools/bin/../lib/gcc/arm-none-eabi/11.3.1/thumb/v7e-m+fp/hard/crtbegin.o
 .ARM.attributes
                0x0000000000000052       0x34 Common\Src\LCD_VT100.o
 .ARM.attributes
                0x0000000000000086       0x34 Common\Src\SharedMemory.o
 .ARM.attributes
                0x00000000000000ba       0x34 Common\Src\system_stm32h7xx_dualcore_boot_cm4_cm7.o
 .ARM.attributes
                0x00000000000000ee       0x34 Core\Src\MySrc\DetectObst.o
 .ARM.attributes
                0x0000000000000122       0x34 Core\Src\MySrc\Lidar.o
 .ARM.attributes
                0x0000000000000156       0x34 Core\Src\MySrc\TempsMs.o
 .ARM.attributes
                0x000000000000018a       0x34 Core\Src\dma.o
 .ARM.attributes
                0x00000000000001be       0x34 Core\Src\freertos.o
 .ARM.attributes
                0x00000000000001f2       0x34 Core\Src\gpio.o
 .ARM.attributes
                0x0000000000000226       0x34 Core\Src\main.o
 .ARM.attributes