..\Core\Src\MySrc\App\Match.c:81:6:FinMatch	0	static
..\Core\Src\MySrc\App\Match.c:94:6:AffOdo	16	static
..\Core\Src\MySrc\App\Match.c:470:6:AffHomolog	8	static
..\Core\Src\MySrc\App\Match.c:58:6:ServoGCopy	0	static
..\Core\Src\MySrc\App\Match.c:120:6:TestDijkstra	40	static
..\Core\Src\MySrc\App\Match.c:153:5:DijkstraGoLastAct	40	static
..\Core\Src\MySrc\App\Match.c:201:5:DijkstraAvanceVers	8	static
..\Core\Src\MySrc\App\Match.c:209:6:AfficheScore	8	static
..\Core\Src\MySrc\App\Match.c:219:6:BrasPreparePrisePlanteSol	8	static
..\Core\Src\MySrc\App\Match.c:232:6:BrasPrendPlanteSolEtLeve	8	static
..\Core\Src\MySrc\App\Match.c:247:6:PrendPlanteEtLeve	8	static
..\Core\Src\MySrc\App\Match.c:272:6:BrasDepotJardiniereEtRange	8	static
..\Core\Src\MySrc\App\Match.c:288:6:RangerBras	8	static
..\Core\Src\MySrc\App\Match.c:302:6:ReculeEtEsquive	8	static
..\Core\Src\MySrc\App\Match.c:316:6:TatannePanneauxAllies	16	static
..\Core\Src\MySrc\App\Match.c:355:6:MatchStd	8	static
..\Core\Src\MySrc\App\Match.c:108:6:MatchQualif	8	static
..\Core\Src\MySrc\App\Match.c:114:6:MatchFinale	8	static
..\Core\Src\MySrc\App\Match.c:483:6:Homologation	8	static
..\Core\Src\MySrc\App\Match.c:520:6:TestVitesse	8	static
..\Core\Src\MySrc\App\Match.c:549:6:Demo	8	static
