..\Core\Src\MySrc\App\RT-Main.c:314:5:ChercheBordure	8	static
..\Core\Src\MySrc\App\RT-Main.c:64:6:Coucou	24	static
..\Core\Src\MySrc\App\RT-Main.c:82:6:DbgServoMoveW	16	static
..\Core\Src\MySrc\App\RT-Main.c:158:6:BasicWaitTirette	16	static
..\Core\Src\MySrc\App\RT-Main.c:216:6:BasicWaitTiretteText	8	static
..\Core\Src\MySrc\App\RT-Main.c:258:6:BasicMenu	24	static
..\Core\Src\MySrc\App\RT-Main.c:296:6:AffBal	24	static
..\Core\Src\MySrc\App\RT-Main.c:327:6:CalageOdometrieAuto	16	static
..\Core\Src\MySrc\App\RT-Main.c:387:6:RetourMaison	8	static
..\Core\Src\MySrc\App\RT-Main.c:457:5:TaskVisionLidar	72	static
..\Core\Src\MySrc\App\RT-Main.c:478:6:AffBalP	8	static
..\Core\Src\MySrc\App\RT-Main.c:487:6:RT_Main	16	static
