..\Core\Src\MySrc\App\Tests.c:354:13:AffDetect	8	static
..\Core\Src\MySrc\App\Tests.c:41:6:TestCodeurs	16	static
..\Core\Src\MySrc\App\Tests.c:61:6:TestCodeurX	16	static
..\Core\Src\MySrc\App\Tests.c:78:6:TestMotX	32	static
..\Core\Src\MySrc\App\Tests.c:111:6:TestMoteurs	40	static
..\Core\Src\MySrc\App\Tests.c:164:6:TestFrottementsSecs	32	static
..\Core\Src\MySrc\App\Tests.c:182:6:TestFrotSecs	8	static
..\Core\Src\MySrc\App\Tests.c:187:6:TestDist	8	static
..\Core\Src\MySrc\App\Tests.c:214:6:TestRot	8	static
..\Core\Src\MySrc\App\Tests.c:241:6:TEST1M	8	static
..\Core\Src\MySrc\App\Tests.c:248:6:TEST360	8	static
..\Core\Src\MySrc\App\Tests.c:255:6:SPINBOT	8	static
..\Core\Src\MySrc\App\Tests.c:264:6:TESTPANNEAUX	16	static
..\Core\Src\MySrc\App\Tests.c:286:6:TestFusee	0	static
..\Core\Src\MySrc\App\Tests.c:293:6:DeploiMax	0	static
..\Core\Src\MySrc\App\Tests.c:302:6:AffPeriphI2C	8	static
..\Core\Src\MySrc\App\Tests.c:338:6:Test5Servos	24	static
..\Core\Src\MySrc\App\Tests.c:367:6:USDistAV100	8	static
..\Core\Src\MySrc\App\Tests.c:378:6:USDistAV200	8	static
..\Core\Src\MySrc\App\Tests.c:389:6:USDistAR100	8	static
..\Core\Src\MySrc\App\Tests.c:400:6:USDistAR200	8	static
..\Core\Src\MySrc\App\Tests.c:463:6:TESTAFFUS	8	static
..\Core\Src\MySrc\App\Tests.c:505:6:TestIOnum	8	static
..\Core\Src\MySrc\App\Tests.c:520:6:TestADC	0	static
..\Core\Src\MySrc\App\Tests.c:530:6:InitMesTemps	8	static
..\Core\Src\MySrc\App\Tests.c:536:10:GetTps	0	static
..\Core\Src\MySrc\App\Tests.c:541:6:StartTps	0	static
..\Core\Src\MySrc\App\Tests.c:546:10:TpsToMs	0	static
..\Core\Src\MySrc\App\Tests.c:551:10:TpsToUs	0	static
..\Core\Src\MySrc\App\Tests.c:556:10:TpsToNs	0	static
