..\Core\Src\MySrc\Lidar.c:255:12:PushNode	0	static
..\Core\Src\MySrc\Lidar.c:265:12:PopNode	0	static
..\Core\Src\MySrc\Lidar.c:321:13:Vitesse	0	static
..\Core\Src\MySrc\Lidar.c:453:17:ascendScanData_	0	static
..\Core\Src\MySrc\Lidar.c:523:15:PushDist	8	static
..\Core\Src\MySrc\Lidar.c:533:15:PopDist	4	static
..\Core\Src\MySrc\Lidar.c:98:13:LidarSendx	8	static
..\Core\Src\MySrc\Lidar.c:105:13:LidarGetx	8	static
..\Core\Src\MySrc\Lidar.c:890:13:MajBal	40	static
..\Core\Src\MySrc\Lidar.c:835:13:AddBalise	40	static
..\Core\Src\MySrc\Lidar.c:329:13:AccLidar2	32	static
..\Core\Src\MySrc\Lidar.c:86:6:HuartRP_TxCpltCallback	0	static
..\Core\Src\MySrc\Lidar.c:92:6:HuartRP_ErrorCallback	0	static
..\Core\Src\MySrc\Lidar.c:112:6:LidarStop	8	static
..\Core\Src\MySrc\Lidar.c:119:6:LidarReset	8	static
..\Core\Src\MySrc\Lidar.c:128:10:LidarGetHealth	8	static
..\Core\Src\MySrc\Lidar.c:138:10:LidarGetSampleRate	16	static
..\Core\Src\MySrc\Lidar.c:153:10:LidarGetInfo	8	static
..\Core\Src\MySrc\Lidar.c:163:6:SetMotorSpeed	16	static
..\Core\Src\MySrc\Lidar.c:174:6:StartScan	8	static
..\Core\Src\MySrc\Lidar.c:185:6:AffRep	8	static
..\Core\Src\MySrc\Lidar.c:361:6:CapsuleToNormalPush	56	static
..\Core\Src\MySrc\Lidar.c:281:6:HuartRP_RxCpltCallback	8	static
..\Core\Src\MySrc\Lidar.c:543:9:GetDist	32	static
..\Core\Src\MySrc\Lidar.c:558:6:RT_LidarAcq	24	static
..\Core\Src\MySrc\Lidar.c:924:6:Robot	64	static
..\Core\Src\MySrc\Lidar.c:1016:6:Coucou	24	static
..\Core\Src\MySrc\Lidar.c:1027:6:RT_LidarTrt	16	static
