..\Core\Src\MySrc\Core\CommandesServos.c:125:12:Err	0	static
..\Core\Src\MySrc\Core\CommandesServos.c:412:12:LocNewGCMD	0	static
..\Core\Src\MySrc\Core\CommandesServos.c:419:12:LocNewGFCT	0	static
..\Core\Src\MySrc\Core\CommandesServos.c:92:12:LocServoMove	16	static
..\Core\Src\MySrc\Core\CommandesServos.c:212:23:SetServoAngleRetryM1	16	static
..\Core\Src\MySrc\Core\CommandesServos.c:248:12:GetServoMovingRetry	16	static
..\Core\Src\MySrc\Core\CommandesServos.c:108:12:StopRequest	8	static
..\Core\Src\MySrc\Core\CommandesServos.c:266:12:GServoMoveNoWait	16	static
..\Core\Src\MySrc\Core\CommandesServos.c:231:18:GetServoAngleRetry	16	static
..\Core\Src\MySrc\Core\CommandesServos.c:284:12:_GServoMoveWait	40	static
..\Core\Src\MySrc\Core\CommandesServos.c:374:12:GServoMoveWait	24	static
..\Core\Src\MySrc\Core\CommandesServos.c:144:12:_ServoMoveWait	24	static
..\Core\Src\MySrc\Core\CommandesServos.c:183:12:LocServoMoveWait	16	static
..\Core\Src\MySrc\Core\CommandesServos.c:571:12:_GetServoAngle	8	static
..\Core\Src\MySrc\Core\CommandesServos.c:579:13:AdjustServoPos	16	static
..\Core\Src\MySrc\Core\CommandesServos.c:889:13:LocServoInitStd	24	static
..\Core\Src\MySrc\Core\CommandesServos.c:948:13:Reset_RTServos	8	static
..\Core\Src\MySrc\Core\CommandesServos.c:1115:13:WaitForEndOfExec	16	static
..\Core\Src\MySrc\Core\CommandesServos.c:17:6:ServosSetModeRT	0	static
..\Core\Src\MySrc\Core\CommandesServos.c:22:10:ServosGetModeRT	0	static
..\Core\Src\MySrc\Core\CommandesServos.c:29:6:DetectServos	8	static
..\Core\Src\MySrc\Core\CommandesServos.c:57:6:InitSvNames	0	static
..\Core\Src\MySrc\Core\CommandesServos.c:68:6:SetSvName	0	static
..\Core\Src\MySrc\Core\CommandesServos.c:81:13:GetSvName	0	static
..\Core\Src\MySrc\Core\CommandesServos.c:139:6:DefineErrMax	0	static
..\Core\Src\MySrc\Core\CommandesServos.c:195:6:DServoMove	24	static
..\Core\Src\MySrc\Core\CommandesServos.c:389:5:DServoMoveWait	24	static
..\Core\Src\MySrc\Core\CommandesServos.c:403:6:InitGCMD	0	static
..\Core\Src\MySrc\Core\CommandesServos.c:427:6:AffGCMD	32	static
..\Core\Src\MySrc\Core\CommandesServos.c:560:6:AffAllGCMD	8	static
..\Core\Src\MySrc\Core\CommandesServos.c:609:5:GMouvementGr	24	static
..\Core\Src\MySrc\Core\CommandesServos.c:849:12:LocGMouvement	8	static
..\Core\Src\MySrc\Core\CommandesServos.c:861:6:RXInit	8	static
..\Core\Src\MySrc\Core\CommandesServos.c:876:6:AXInit	8	static
..\Core\Src\MySrc\Core\CommandesServos.c:962:5:GetServoReady	0	static
..\Core\Src\MySrc\Core\CommandesServos.c:969:6:RT_Servos	32	static
..\Core\Src\MySrc\Core\CommandesServos.c:1057:6:ServoStopRequest	8	static
..\Core\Src\MySrc\Core\CommandesServos.c:1074:5:ServoInitStd	32	static
..\Core\Src\MySrc\Core\CommandesServos.c:1088:5:ServoMove	24	static
..\Core\Src\MySrc\Core\CommandesServos.c:1102:5:ServoMoveW	24	static
..\Core\Src\MySrc\Core\CommandesServos.c:1128:5:ServoMoveWW	8	static
..\Core\Src\MySrc\Core\CommandesServos.c:1141:5:ServoFct	24	static
..\Core\Src\MySrc\Core\CommandesServos.c:1160:5:ServoFctW	8	static
..\Core\Src\MySrc\Core\CommandesServos.c:1170:5:NewGCMD	8	static
..\Core\Src\MySrc\Core\CommandesServos.c:1175:5:NewGFCT	8	static
..\Core\Src\MySrc\Core\CommandesServos.c:1182:5:GMouvement	24	static
..\Core\Src\MySrc\Core\CommandesServos.c:1195:5:GMouvementW	8	static
..\Core\Src\MySrc\Core\CommandesServos.c:1205:5:ServoSync	24	static
..\Core\Src\MySrc\Core\CommandesServos.c:1218:5:ServoSyncW	8	static
..\Core\Src\MySrc\Core\CommandesServos.c:1226:6:TestPosServos	40	static
