..\Core\Src\MySrc\Core\Dijkstra.c:134:12:IsNear	0	static
..\Core\Src\MySrc\Core\Dijkstra.c:186:16:DijInInRect	0	static
..\Core\Src\MySrc\Core\Dijkstra.c:196:12:IsBetween	0	static
..\Core\Src\MySrc\Core\Dijkstra.c:207:12:IsOnSeg	56	static
..\Core\Src\MySrc\Core\Dijkstra.c:250:12:SegIsInRect	72	static
..\Core\Src\MySrc\Core\Dijkstra.c:386:13:PNode	0	static
..\Core\Src\MySrc\Core\Dijkstra.c:393:13:Coord	24	static
..\Core\Src\MySrc\Core\Dijkstra.c:402:17:Case	0	static
..\Core\Src\MySrc\Core\Dijkstra.c:413:13:initialize	0	static
..\Core\Src\MySrc\Core\Dijkstra.c:426:16:getClosestUnmarkedNode	0	static
..\Core\Src\MySrc\Core\Dijkstra.c:445:13:calculateDistance	16	static
..\Core\Src\MySrc\Core\Dijkstra.c:479:13:AddChemin	0	static
..\Core\Src\MySrc\Core\Dijkstra.c:519:12:AddPath	16	static
..\Core\Src\MySrc\Core\Dijkstra.c:532:12:BuildRoad	16	static
..\Core\Src\MySrc\Core\Dijkstra.c:541:13:SupprSeg	12	static
..\Core\Src\MySrc\Core\Dijkstra.c:120:13:TestActivity	8	static
..\Core\Src\MySrc\Core\Dijkstra.c:319:17:Dist	40	static
..\Core\Src\MySrc\Core\Dijkstra.c:359:13:InitMatrix	48	static
..\Core\Src\MySrc\Core\Dijkstra.c:349:17:Dist2	8	static
..\Core\Src\MySrc\Core\Dijkstra.c:554:17:CalcLongChem	16	static
..\Core\Src\MySrc\Core\Dijkstra.c:565:17:OptRoad	16	static
..\Core\Src\MySrc\Core\Dijkstra.c:111:6:DijkClearObstacles	0	static
..\Core\Src\MySrc\Core\Dijkstra.c:151:9:DijkAddObstacle	40	static
..\Core\Src\MySrc\Core\Dijkstra.c:490:9:DijkGetNextPoint	0	static
..\Core\Src\MySrc\Core\Dijkstra.c:500:10:DijkGetNb	0	static
..\Core\Src\MySrc\Core\Dijkstra.c:509:9:DijkReadPoint	0	static
..\Core\Src\MySrc\Core\Dijkstra.c:596:5:DijkRoadTo	24	static
