..\Core\Src\MySrc\Core\Sequenceur.c:131:13:RestoreAutoAcquit	0	static
..\Core\Src\MySrc\Core\Sequenceur.c:345:13:BoardGuard	56	static
..\Core\Src\MySrc\Core\Sequenceur.c:155:13:EndOfGame	8	static
..\Core\Src\MySrc\Core\Sequenceur.c:177:12:WaitCaptusFree	16	static
..\Core\Src\MySrc\Core\Sequenceur.c:22:6:DetectStop	0	static
..\Core\Src\MySrc\Core\Sequenceur.c:28:6:DetectAV	0	static
..\Core\Src\MySrc\Core\Sequenceur.c:34:6:DetectAR	0	static
..\Core\Src\MySrc\Core\Sequenceur.c:204:12:ExecMovement	160	static
..\Core\Src\MySrc\Core\Sequenceur.c:40:6:USAVAR	0	static
..\Core\Src\MySrc\Core\Sequenceur.c:47:6:DetectDist	0	static
..\Core\Src\MySrc\Core\Sequenceur.c:113:5:SeqEtat	0	static
..\Core\Src\MySrc\Core\Sequenceur.c:144:6:DefineFctAtTime	0	static
..\Core\Src\MySrc\Core\Sequenceur.c:150:6:DefineEndOfGame	0	static
..\Core\Src\MySrc\Core\Sequenceur.c:163:6:DefineFctDuringMovement	0	static
..\Core\Src\MySrc\Core\Sequenceur.c:168:8:GetFctDuringMovement	0	static
..\Core\Src\MySrc\Core\Sequenceur.c:340:6:SetBoardGuard	0	static
..\Core\Src\MySrc\Core\Sequenceur.c:412:5:Rbt_Move	32	static
..\Core\Src\MySrc\Core\Sequenceur.c:517:5:Rbt_MoveX	32	static
..\Core\Src\MySrc\Core\Sequenceur.c:586:5:Rbt_RMove	8	static
..\Core\Src\MySrc\Core\Sequenceur.c:614:5:Rbt_RForward	8	static
..\Core\Src\MySrc\Core\Sequenceur.c:619:5:Rbt_RBackward	8	static
..\Core\Src\MySrc\Core\Sequenceur.c:624:5:Rbt_RRotate	8	static
..\Core\Src\MySrc\Core\Sequenceur.c:646:5:Rbt_RRotateLeft	8	static
..\Core\Src\MySrc\Core\Sequenceur.c:651:5:Rbt_RRotateRight	8	static
..\Core\Src\MySrc\Core\Sequenceur.c:657:5:Rbt_AbsRotate	16	static
..\Core\Src\MySrc\Core\Sequenceur.c:714:6:Rbt_MovPrm	0	static
..\Core\Src\MySrc\Core\Sequenceur.c:724:6:Rbt_RotPrm	0	static
..\Core\Src\MySrc\Core\Sequenceur.c:740:5:PushParam	8	static
..\Core\Src\MySrc\Core\Sequenceur.c:773:5:PopParam	4	static
..\Core\Src\MySrc\Core\Sequenceur.c:808:6:Rbt_ControlFct	0	static
..\Core\Src\MySrc\Core\Sequenceur.c:814:6:Rbt_HaltReq	0	static
..\Core\Src\MySrc\Core\Sequenceur.c:820:6:Rbt_DefInterFct	0	static
..\Core\Src\MySrc\Core\Sequenceur.c:825:6:Rbt_DefRotInterFct	0	static
..\Core\Src\MySrc\Core\Sequenceur.c:830:6:Rbt_DefMovInterFct	0	static
..\Core\Src\MySrc\Core\Sequenceur.c:835:6:Rbt_MemoPos	0	static
..\Core\Src\MySrc\Core\Sequenceur.c:842:6:Rbt_AssStop	8	static
..\Core\Src\MySrc\Core\Sequenceur.c:849:6:Rbt_CurveM	0	static
..\Core\Src\MySrc\Core\Sequenceur.c:854:6:Rbt_Stretch	0	static
..\Core\Src\MySrc\Core\Sequenceur.c:859:6:Rbt_Emergency	0	static
..\Core\Src\MySrc\Core\Sequenceur.c:866:6:SpeedLimitNear	4	static
..\Core\Src\MySrc\Core\Sequenceur.c:876:5:_AvanceVers	8	static
..\Core\Src\MySrc\Core\Sequenceur.c:878:5:_ReculeVers	8	static
..\Core\Src\MySrc\Core\Sequenceur.c:880:5:_VaVers	8	static
