..\Core\Src\MySrc\Core\ServosBuf.c:298:13:emiss	0	static
..\Core\Src\MySrc\Core\ServosBuf.c:331:13:GenericHuart_TxCpltCallback	0	static
..\Core\Src\MySrc\Core\ServosBuf.c:364:13:store_recept	0	static
..\Core\Src\MySrc\Core\ServosBuf.c:40:13:RXSetModeIn	8	static
..\Core\Src\MySrc\Core\ServosBuf.c:35:13:RXSetModeOut	8	static
..\Core\Src\MySrc\Core\ServosBuf.c:51:13:AXSetModeIn	8	static
..\Core\Src\MySrc\Core\ServosBuf.c:46:13:AXSetModeOut	8	static
..\Core\Src\MySrc\Core\ServosBuf.c:304:13:GenericHuart_Init	8	static
..\Core\Src\MySrc\Core\ServosBuf.c:369:13:GenericHuart_RxCpltCallback	16	static
..\Core\Src\MySrc\Core\ServosBuf.c:466:24:ServoSend	24	static
..\Core\Src\MySrc\Core\ServosBuf.c:591:23:ReadData	16	static
..\Core\Src\MySrc\Core\ServosBuf.c:649:23:WriteByte	16	static
..\Core\Src\MySrc\Core\ServosBuf.c:662:23:WriteWord	16	static
..\Core\Src\MySrc\Core\ServosBuf.c:615:18:ReadWord	16	static
..\Core\Src\MySrc\Core\ServosBuf.c:604:23:ReadByte	16	static
..\Core\Src\MySrc\Core\ServosBuf.c:98:6:SetID	0	static
..\Core\Src\MySrc\Core\ServosBuf.c:222:10:GetSvServoErr	0	static
..\Core\Src\MySrc\Core\ServosBuf.c:227:13:GetSvErrorMsg	0	static
..\Core\Src\MySrc\Core\ServosBuf.c:289:6:ClearServoErr	0	static
..\Core\Src\MySrc\Core\ServosBuf.c:312:6:ServoInit	8	static
..\Core\Src\MySrc\Core\ServosBuf.c:342:6:HuartRX_TxCpltCallback	8	static
..\Core\Src\MySrc\Core\ServosBuf.c:357:6:HuartAX_TxCpltCallback	8	static
..\Core\Src\MySrc\Core\ServosBuf.c:403:6:HuartRX_RxCpltCallback	8	static
..\Core\Src\MySrc\Core\ServosBuf.c:443:6:HuartAX_RxCpltCallback	8	static
..\Core\Src\MySrc\Core\ServosBuf.c:451:6:ServoTestSend	16	static
..\Core\Src\MySrc\Core\ServosBuf.c:564:15:ServoPing	8	static
..\Core\Src\MySrc\Core\ServosBuf.c:574:15:ServoReset	8	static
..\Core\Src\MySrc\Core\ServosBuf.c:584:6:ServoAction	8	static
..\Core\Src\MySrc\Core\ServosBuf.c:630:16:ServoReadMem	8	static
..\Core\Src\MySrc\Core\ServosBuf.c:678:16:SetAlarmShutdown	8	static
..\Core\Src\MySrc\Core\ServosBuf.c:685:16:SetAlarmLED	8	static
..\Core\Src\MySrc\Core\ServosBuf.c:696:16:SetServoAngleDeg	8	static
..\Core\Src\MySrc\Core\ServosBuf.c:719:16:SetServoAngle	8	static
..\Core\Src\MySrc\Core\ServosBuf.c:729:5:GetServoCons	0	static
..\Core\Src\MySrc\Core\ServosBuf.c:735:6:SetServoCons	0	static
..\Core\Src\MySrc\Core\ServosBuf.c:743:12:GetServoAngle	8	static
..\Core\Src\MySrc\Core\ServosBuf.c:750:12:GetServoModel	8	static
..\Core\Src\MySrc\Core\ServosBuf.c:759:16:SetServoSpeed	8	static
..\Core\Src\MySrc\Core\ServosBuf.c:767:12:GetServoSpeed	8	static
..\Core\Src\MySrc\Core\ServosBuf.c:775:11:GetServoLoad	8	static
..\Core\Src\MySrc\Core\ServosBuf.c:787:16:SetServoMaxTorque	8	static
..\Core\Src\MySrc\Core\ServosBuf.c:797:12:GetServoMaxTorque	8	static
..\Core\Src\MySrc\Core\ServosBuf.c:805:16:EnableServoTorque	8	static
..\Core\Src\MySrc\Core\ServosBuf.c:814:5:GetServoConsTorque	0	static
..\Core\Src\MySrc\Core\ServosBuf.c:820:5:GetServoConsTorqueEn	0	static
..\Core\Src\MySrc\Core\ServosBuf.c:827:6:SetServoConsTorque	0	static
..\Core\Src\MySrc\Core\ServosBuf.c:835:5:GetServoTorqueStatus	8	static
..\Core\Src\MySrc\Core\ServosBuf.c:845:16:ServoStatusReturnLevel	8	static
..\Core\Src\MySrc\Core\ServosBuf.c:852:5:GetServoStatusReturnLevel	8	static
..\Core\Src\MySrc\Core\ServosBuf.c:863:16:ServoLed	8	static
..\Core\Src\MySrc\Core\ServosBuf.c:871:5:GetServoLed	8	static
..\Core\Src\MySrc\Core\ServosBuf.c:883:16:ServoId	8	static
..\Core\Src\MySrc\Core\ServosBuf.c:893:16:SetServoAngleLimits	16	static
..\Core\Src\MySrc\Core\ServosBuf.c:906:16:SetServoSlope	16	static
..\Core\Src\MySrc\Core\ServosBuf.c:919:16:SetServoMargin	16	static
..\Core\Src\MySrc\Core\ServosBuf.c:932:16:SetServoPunch	8	static
..\Core\Src\MySrc\Core\ServosBuf.c:941:10:GetServoPosition	8	static
..\Core\Src\MySrc\Core\ServosBuf.c:951:16:SetEndlessTurn	24	static
..\Core\Src\MySrc\Core\ServosBuf.c:963:6:ServoRegMode	0	static
..\Core\Src\MySrc\Core\ServosBuf.c:971:5:GetNextServo	16	static
..\Core\Src\MySrc\Core\ServosBuf.c:984:5:GetServoMoving	8	static
..\Core\Src\MySrc\Core\ServosBuf.c:994:16:Temperature	8	static
..\Core\Src\MySrc\Core\ServosBuf.c:1005:16:SetServoSpeedDouble	16	static
..\Core\Src\MySrc\Core\ServosBuf.c:1014:16:SetServoPunchDouble	16	static
..\Core\Src\MySrc\Core\ServosBuf.c:1025:16:SetServoMarginDouble	24	static
..\Core\Src\MySrc\Core\ServosBuf.c:1042:16:SetServoSlopeDouble	32	static
..\Core\Src\MySrc\Core\ServosBuf.c:1063:16:SetServoAngleLimitsDouble	32	static
..\Core\Src\MySrc\Core\ServosBuf.c:1082:16:SetServoMaxTorqueDouble	16	static
..\Core\Src\MySrc\Core\ServosBuf.c:1092:16:EnableServoTorqueDouble	16	static
..\Core\Src\MySrc\Core\ServosBuf.c:1103:16:SetServoAngleDegDouble	24	static
..\Core\Src\MySrc\Core\ServosBuf.c:1134:16:SetServoAngleDouble	24	static
